******************************************************************************
                  TI ARM Linker Unix v20.2.5                   
******************************************************************************
>> Linked Mon May 30 14:01:55 2022

OUTPUT FILE NAME:   <def.out>
ENTRY POINT SYMBOL: "_c_int00_noargs"  address: 000054a1


MEMORY CONFIGURATION

         name            origin    length      used     unused   attr    fill
----------------------  --------  ---------  --------  --------  ----  --------
  MAIN                  00000000   00040000  0000668b  00039975  R  X
  INFO                  00200000   00004000  00000000  00004000  R  X
  SRAM_CODE             01000000   00010000  00000622  0000f9de  RW X
  SRAM_DATA             20000000   00010000  00000622  0000f9de  RW  


SEGMENT ALLOCATION MAP

run origin  load origin   length   init length attrs members
----------  ----------- ---------- ----------- ----- -------
00000000    00000000    00006690   00006690    r-x
  00000000    00000000    000000e4   000000e4    r-- .intvecs
  000000e4    000000e4    000054ec   000054ec    r-x .text
  000055d0    000055d0    0000107b   0000107b    r-- .const
  00006650    00006650    00000040   00000040    r-- .cinit
20000000    20000000    00000424   00000000    rw-
  20000000    20000000    00000406   00000000    rw- .bss
  20000408    20000408    0000001c   00000000    rw- .data
2000fe00    2000fe00    00000200   00000000    rw-
  2000fe00    2000fe00    00000200   00000000    rw- .stack


SECTION ALLOCATION MAP

 output                                  attributes/
section   page    origin      length       input sections
--------  ----  ----------  ----------   ----------------
.intvecs   0    00000000    000000e4     
                  00000000    000000e4     startup_msp432p401r_ccs.obj (.intvecs:retain)

.text      0    000000e4    000054ec     
                  000000e4    000010e0     libreria.obj (.text)
                  000011c4    0000104c     lib_PAE.lib : graphics.obj (.text)
                  00002210    00000a4e     rtsv7M4_T_le_v4SPD16_eabi.lib : _printfi.c.obj (.text:__TI_printfi)
                  00002c5e    00000002                                   : div0.asm.obj (.text)
                  00002c60    000008a8     lib_PAE.lib : lcd.obj (.text)
                  00003508    000007cc     main.obj (.text)
                  00003cd4    00000334     system_msp432p401r.obj (.text)
                  00004008    00000270     rtsv7M4_T_le_v4SPD16_eabi.lib : _printfi.c.obj (.text:_pconv_a)
                  00004278    000001d0                                   : _printfi.c.obj (.text:_pconv_g)
                  00004448    000001b6                                   : fd_add_t2.asm.obj (.text)
                  000045fe    00000002     --HOLE-- [fill = 0]
                  00004600    00000188     lib_PAE.lib : msp_LCD.obj (.text)
                  00004788    0000013c     rtsv7M4_T_le_v4SPD16_eabi.lib : _printfi.c.obj (.text:_pconv_e)
                  000048c4    00000136                                   : fd_div_t2.asm.obj (.text)
                  000049fa    00000002     --HOLE-- [fill = 0]
                  000049fc    00000124                                   : _printfi.c.obj (.text:fcvt)
                  00004b20    00000110                                   : s_scalbn.c.obj (.text:scalbn)
                  00004c30    000000fc                                   : fd_mul_t2.asm.obj (.text)
                  00004d2c    000000b1                                   : _printfi.c.obj (.text:_ltostr)
                  00004ddd    00000001     --HOLE-- [fill = 0]
                  00004dde    0000009c                                   : memcpy_t2.asm.obj (.text)
                  00004e7a    00000096                                   : ull_div_t2.asm.obj (.text)
                  00004f10    00000086                                   : fd_cmp_t2.asm.obj (.text:__aeabi_cdcmple)
                  00004f96    00000086                                   : fd_cmp_t2.asm.obj (.text:__aeabi_cdrcmple)
                  0000501c    0000007a                                   : memset_t2.asm.obj (.text)
                  00005096    00000002     --HOLE-- [fill = 0]
                  00005098    00000078     lib_PAE.lib : Inicializacion.obj (.text)
                  00005110    0000006e     rtsv7M4_T_le_v4SPD16_eabi.lib : _printfi.c.obj (.text:_mcpy)
                  0000517e    00000068                                   : copy_decompress_lzss.c.obj (.text:decompress:lzss:__TI_decompress_lzss)
                  000051e6    00000002     --HOLE-- [fill = 0]
                  000051e8    00000064                                   : s_frexp.c.obj (.text:frexp)
                  0000524c    00000056                                   : _printfi.c.obj (.text:_pconv_f)
                  000052a2    00000054                                   : _ltoa.c.obj (.text:__TI_ltoa)
                  000052f6    00000052                                   : _printfi.c.obj (.text:_ecpy)
                  00005348    0000004c                                   : atoi.c.obj (.text:atoi)
                  00005394    00000048                                   : fd_toi_t2.asm.obj (.text)
                  000053dc    00000044                                   : autoinit.c.obj (.text:__TI_auto_init_nobinit_nopinit:__TI_auto_init_nobinit_nopinit)
                  00005420    00000040                                   : sprintf.c.obj (.text:sprintf)
                  00005460    0000003e                                   : _printfi.c.obj (.text:_fcpy)
                  0000549e    00000002     --HOLE-- [fill = 0]
                  000054a0    00000034                                   : boot_cortex_m.c.obj (.text:_c_int00_noargs:_c_int00_noargs)
                  000054d4    0000002e                                   : i_tofd_t2.asm.obj (.text)
                  00005502    0000001c                                   : memccpy.c.obj (.text:memccpy)
                  0000551e    0000001a                                   : s_copysign.c.obj (.text:copysign)
                  00005538    00000018                                   : sprintf.c.obj (.text:_outs)
                  00005550    00000016                                   : strchr.c.obj (.text:strchr)
                  00005566    00000014                                   : strlen.c.obj (.text:strlen)
                  0000557a    00000012                                   : wcslen.c.obj (.text:wcslen)
                  0000558c    0000000e                                   : copy_decompress_none.c.obj (.text:decompress:none:__TI_decompress_none)
                  0000559a    0000000e     startup_msp432p401r_ccs.obj (.text)
                  000055a8    0000000c     rtsv7M4_T_le_v4SPD16_eabi.lib : copy_zero_init.c.obj (.text:decompress:ZI:__TI_zero_init)
                  000055b4    0000000a                                   : sprintf.c.obj (.text:_outc)
                  000055be    00000002     --HOLE-- [fill = 0]
                  000055c0    00000008                                   : errno.c.obj (.text:__aeabi_errno_addr)
                  000055c8    00000004                                   : pre_init.c.obj (.text:_system_pre_init)
                  000055cc    00000004                                   : exit.c.obj (.text:abort:abort)

.const     0    000055d0    0000107b     
                  000055d0    0000082a     lib_PAE.lib : graphics.obj (.const:font_11x16)
                  00005dfa    00000474                 : graphics.obj (.const:font_8x12)
                  0000626e    000001e0                 : graphics.obj (.const:font_5x7)
                  0000644e    00000101     rtsv7M4_T_le_v4SPD16_eabi.lib : ctype.c.obj (.const:.string:_ctypes_)
                  0000654f    00000012     libreria.obj (.const:.string:$P$T0$1)
                  00006561    00000010     lib_PAE.lib : lcd.obj (.const:.string:$P$T0$1)
                  00006571    00000010     main.obj (.const:.string:$P$T0$1)
                  00006581    00000010     lib_PAE.lib : lcd.obj (.const:.string:$P$T1$2)
                  00006591    00000010     main.obj (.const:.string:$P$T1$2)
                  000065a1    00000010     main.obj (.const:.string:$P$T2$3)
                  000065b1    00000010     main.obj (.const:.string:$P$T3$4)
                  000065c1    00000010     main.obj (.const:.string:$P$T4$5)
                  000065d1    00000005     libreria.obj (.const:.string:$P$T7$8)
                  000065d6    00000003     libreria.obj (.const:.string:$P$T10$11)
                  000065d9    00000003     libreria.obj (.const:.string:$P$T11$12)
                  000065dc    00000003     libreria.obj (.const:.string:$P$T12$13)
                  000065df    00000003     libreria.obj (.const:.string:$P$T13$14)
                  000065e2    00000003     libreria.obj (.const:.string:$P$T14$15)
                  000065e5    00000003     libreria.obj (.const:.string:$P$T15$16)
                  000065e8    00000003     libreria.obj (.const:.string:$P$T16$17)
                  000065eb    00000003     libreria.obj (.const:.string:$P$T17$18)
                  000065ee    00000003     libreria.obj (.const:.string:$P$T18$19)
                  000065f1    00000003     libreria.obj (.const:.string:$P$T19$20)
                  000065f4    00000003     libreria.obj (.const:.string:$P$T20$21)
                  000065f7    00000003     libreria.obj (.const:.string:$P$T21$22)
                  000065fa    00000003     libreria.obj (.const:.string:$P$T22$23)
                  000065fd    00000003     libreria.obj (.const:.string:$P$T23$24)
                  00006600    00000003     libreria.obj (.const:.string:$P$T24$25)
                  00006603    00000003     libreria.obj (.const:.string:$P$T36$37)
                  00006606    00000003     libreria.obj (.const:.string:$P$T38$39)
                  00006609    00000003     libreria.obj (.const:.string:$P$T39$40)
                  0000660c    00000003     libreria.obj (.const:.string:$P$T40$41)
                  0000660f    00000003     libreria.obj (.const:.string:$P$T41$42)
                  00006612    00000003     libreria.obj (.const:.string:$P$T42$43)
                  00006615    00000003     libreria.obj (.const:.string:$P$T43$44)
                  00006618    00000003     libreria.obj (.const:.string:$P$T44$45)
                  0000661b    00000003     libreria.obj (.const:.string:$P$T45$46)
                  0000661e    00000003     libreria.obj (.const:.string:$P$T8$9)
                  00006621    00000003     libreria.obj (.const:.string:$P$T9$10)
                  00006624    00000002     libreria.obj (.const:.string:$P$T1$2)
                  00006626    00000002     libreria.obj (.const:.string:$P$T2$3)
                  00006628    00000002     libreria.obj (.const:.string:$P$T25$26)
                  0000662a    00000002     libreria.obj (.const:.string:$P$T26$27)
                  0000662c    00000002     libreria.obj (.const:.string:$P$T27$28)
                  0000662e    00000002     libreria.obj (.const:.string:$P$T28$29)
                  00006630    00000002     libreria.obj (.const:.string:$P$T3$4)
                  00006632    00000002     libreria.obj (.const:.string:$P$T31$32)
                  00006634    00000002     libreria.obj (.const:.string:$P$T32$33)
                  00006636    00000002     libreria.obj (.const:.string:$P$T33$34)
                  00006638    00000002     libreria.obj (.const:.string:$P$T34$35)
                  0000663a    00000002     libreria.obj (.const:.string:$P$T35$36)
                  0000663c    00000002     libreria.obj (.const:.string:$P$T37$38)
                  0000663e    00000002     libreria.obj (.const:.string:$P$T4$5)
                  00006640    00000002     libreria.obj (.const:.string:$P$T46$47)
                  00006642    00000002     libreria.obj (.const:.string:$P$T5$6)
                  00006644    00000002     libreria.obj (.const:.string:$P$T6$7)
                  00006646    00000001     libreria.obj (.const:.string:$P$T29$30)
                  00006647    00000001     libreria.obj (.const:.string:$P$T30$31)
                  00006648    00000001     libreria.obj (.const:.string:$P$T47$48)
                  00006649    00000001     libreria.obj (.const:.string:$P$T48$49)
                  0000664a    00000001     libreria.obj (.const:.string:$P$T49$50)

.cinit     0    00006650    00000040     
                  00006650    00000017     (.cinit..data.load) [load image, compression = lzss]
                  00006667    00000001     --HOLE-- [fill = 0]
                  00006668    0000000c     (__TI_handler_table)
                  00006674    00000004     --HOLE-- [fill = 0]
                  00006678    00000008     (.cinit..bss.load) [load image, compression = zero_init]
                  00006680    00000010     (__TI_cinit_table)

.init_array 
*          0    00000000    00000000     UNINITIALIZED

.binit     0    00000000    00000000     

.bss       0    20000000    00000406     UNINITIALIZED
                  20000000    00000400     lib_PAE.lib : graphics.obj (.bss:g_pulConvertedPalette)
                  20000400    00000002     (.common:DatoLeido_UART)
                  20000402    00000002     (.common:tiempo)
                  20000404    00000001     (.common:Byte_Recibido)
                  20000405    00000001     (.common:contadorCancion)

.data      0    20000408    0000001c     UNINITIALIZED
                  20000408    0000000a     lib_PAE.lib : lcd.obj (.data)
                  20000412    00000005     main.obj (.data)
                  20000417    00000004     lib_PAE.lib : graphics.obj (.data)
                  2000041b    00000001     --HOLE--
                  2000041c    00000004     rtsv7M4_T_le_v4SPD16_eabi.lib : errno.c.obj (.data)
                  20000420    00000004     system_msp432p401r.obj (.data)

.stack     0    2000fe00    00000200     UNINITIALIZED
                  2000fe00    00000004     rtsv7M4_T_le_v4SPD16_eabi.lib : boot_cortex_m.c.obj (.stack)
                  2000fe04    000001fc     --HOLE--

__llvm_prf_cnts 
*          0    20000000    00000000     UNINITIALIZED

MODULE SUMMARY

       Module                        code    ro data   rw data
       ------                        ----    -------   -------
    ./
       libreria.obj                  4320    140       12     
       main.obj                      1996    80        10     
       system_msp432p401r.obj        820     0         8      
       startup_msp432p401r_ccs.obj   14      228       0      
    +--+-----------------------------+-------+---------+---------+
       Total:                        7150    448       30     
                                                              
    ../lib_PAE.lib
       graphics.obj                  4172    3710      2056   
       lcd.obj                       2216    32        20     
       msp_LCD.obj                   392     0         0      
       Inicializacion.obj            120     0         0      
    +--+-----------------------------+-------+---------+---------+
       Total:                        6900    3742      2076   
                                                              
    /Applications/ti/ccs1040/ccs/tools/compiler/ti-cgt-arm_20.2.5.LTS/lib/rtsv7M4_T_le_v4SPD16_eabi.lib
       _printfi.c.obj                4851    0         0      
       fd_add_t2.asm.obj             438     0         0      
       fd_div_t2.asm.obj             310     0         0      
       s_scalbn.c.obj                272     0         0      
       fd_cmp_t2.asm.obj             268     0         0      
       ctype.c.obj                   0       257       0      
       fd_mul_t2.asm.obj             252     0         0      
       memcpy_t2.asm.obj             156     0         0      
       ull_div_t2.asm.obj            150     0         0      
       memset_t2.asm.obj             122     0         0      
       copy_decompress_lzss.c.obj    104     0         0      
       s_frexp.c.obj                 100     0         0      
       sprintf.c.obj                 98      0         0      
       _ltoa.c.obj                   84      0         0      
       atoi.c.obj                    76      0         0      
       fd_toi_t2.asm.obj             72      0         0      
       autoinit.c.obj                68      0         0      
       boot_cortex_m.c.obj           52      0         0      
       i_tofd_t2.asm.obj             46      0         0      
       memccpy.c.obj                 28      0         0      
       s_copysign.c.obj              26      0         0      
       strchr.c.obj                  22      0         0      
       strlen.c.obj                  20      0         0      
       wcslen.c.obj                  18      0         0      
       errno.c.obj                   8       0         8      
       copy_decompress_none.c.obj    14      0         0      
       copy_zero_init.c.obj          12      0         0      
       exit.c.obj                    4       0         0      
       pre_init.c.obj                4       0         0      
       div0.asm.obj                  2       0         0      
    +--+-----------------------------+-------+---------+---------+
       Total:                        7677    257       8      
                                                              
       Stack:                        0       0         1024   
       Linker Generated:             0       59        0      
    +--+-----------------------------+-------+---------+---------+
       Grand Total:                  21727   4506      3138   


LINKER GENERATED COPY TABLES

__TI_cinit_table @ 00006680 records: 2, size/record: 8, table size: 16
	.data: load addr=00006650, load size=00000017 bytes, run addr=20000408, run size=0000001c bytes, compression=lzss
	.bss: load addr=00006678, load size=00000008 bytes, run addr=20000000, run size=00000406 bytes, compression=zero_init


LINKER GENERATED HANDLER TABLE

__TI_handler_table @ 00006668 records: 3, size/record: 4, table size: 12
	index: 0, handler: __TI_decompress_lzss
	index: 1, handler: __TI_decompress_none
	index: 2, handler: __TI_zero_init


GLOBAL SYMBOLS: SORTED ALPHABETICALLY BY Name 

address   name                          
-------   ----                          
000055a7  ADC14_IRQHandler              
000055a7  AES256_IRQHandler             
0000052f  Activa_TimerA0_TimeOut        
000055a7  BusFault_Handler              
20000404  Byte_Recibido                 
000055cd  C$$EXIT                       
000055a7  COMP_E0_IRQHandler            
000055a7  COMP_E1_IRQHandler            
000055a7  CS_IRQHandler                 
2000040a  Color_Fondo                   
2000040e  Color_Fondo_Inv               
2000040c  Color_Texto                   
20000410  Color_Texto_Inv               
000055a7  DMA_ERR_IRQHandler            
000055a7  DMA_INT0_IRQHandler           
000055a7  DMA_INT1_IRQHandler           
000055a7  DMA_INT2_IRQHandler           
000055a7  DMA_INT3_IRQHandler           
20000400  DatoLeido_UART                
000055a7  DebugMon_Handler              
000055a7  Default_Handler               
000055a7  EUSCIA0_IRQHandler            
000055a7  EUSCIA1_IRQHandler            
000004bd  EUSCIA2_IRQHandler            
000004bd  EUSCIA2_IRQHandler            
000055a7  EUSCIA3_IRQHandler            
000055a7  EUSCIB0_IRQHandler            
000055a7  EUSCIB1_IRQHandler            
000055a7  EUSCIB2_IRQHandler            
000055a7  EUSCIB3_IRQHandler            
000055a7  FLCTL_IRQHandler              
000055a7  FPU_IRQHandler                
20000409  Fuente                        
000055a7  HardFault_Handler             
000055a7  MemManage_Handler             
000055a7  NMI_Handler                   
000055a7  PCM_IRQHandler                
000055a7  PORT1_IRQHandler              
000055a7  PORT2_IRQHandler              
0000361f  PORT3_IRQHandler              
0000361f  PORT3_IRQHandler              
0000365b  PORT4_IRQHandler              
0000365b  PORT4_IRQHandler              
000036af  PORT5_IRQHandler              
000036af  PORT5_IRQHandler              
000055a7  PORT6_IRQHandler              
000055a7  PSS_IRQHandler                
000055a7  PendSV_Handler                
000055a7  RTC_C_IRQHandler              
0000559b  Reset_Handler                 
00000543  Reset_Timeout                 
00000351  RxPacket                      
000004f5  RxTxPacket                    
000055a7  SVC_Handler                   
00000585  Stop_Timeout                  
000055a7  SysTick_Handler               
20000420  SystemCoreClock               
00003cd5  SystemCoreClockUpdate         
00003f4d  SystemInit                    
000055a7  T32_INT1_IRQHandler           
000055a7  T32_INT2_IRQHandler           
000055a7  T32_INTC_IRQHandler           
000005cd  TA0_0_IRQHandler              
000005cd  TA0_0_IRQHandler              
000055a7  TA0_N_IRQHandler              
00000d4f  TA1_0_IRQHandler              
00000d4f  TA1_0_IRQHandler              
000055a7  TA1_N_IRQHandler              
000055a7  TA2_0_IRQHandler              
000055a7  TA2_N_IRQHandler              
000055a7  TA3_0_IRQHandler              
000055a7  TA3_N_IRQHandler              
00000565  TimeOut                       
0000020f  TxPacket                      
000001f3  TxUAC2                        
000055a7  UsageFault_Handler            
4000480c  WDTCTL_SYM                    
000055a7  WDT_A_IRQHandler              
20010000  __STACK_END                   
00000200  __STACK_SIZE                  
00006680  __TI_CINIT_Base               
00006690  __TI_CINIT_Limit              
00006668  __TI_Handler_Table_Base       
00006674  __TI_Handler_Table_Limit      
000053dd  __TI_auto_init_nobinit_nopinit
0000517f  __TI_decompress_lzss          
0000558d  __TI_decompress_none          
000052a3  __TI_ltoa                     
ffffffff  __TI_pprof_out_hndl           
00002211  __TI_printfi                  
ffffffff  __TI_prof_data_size           
ffffffff  __TI_prof_data_start          
00000000  __TI_static_base__            
000055a9  __TI_zero_init                
00004f11  __aeabi_cdcmpeq               
00004f11  __aeabi_cdcmple               
00004f97  __aeabi_cdrcmple              
00005395  __aeabi_d2iz                  
00004453  __aeabi_dadd                  
000048c5  __aeabi_ddiv                  
00004c31  __aeabi_dmul                  
00004449  __aeabi_dsub                  
000055c1  __aeabi_errno_addr            
000054d5  __aeabi_i2d                   
00002c5f  __aeabi_idiv0                 
00002c5f  __aeabi_ldiv0                 
0000501d  __aeabi_memclr                
0000501d  __aeabi_memclr4               
0000501d  __aeabi_memclr8               
00004ddf  __aeabi_memcpy                
00004ddf  __aeabi_memcpy4               
00004ddf  __aeabi_memcpy8               
0000501f  __aeabi_memset                
0000501f  __aeabi_memset4               
0000501f  __aeabi_memset8               
00004e7b  __aeabi_uldivmod              
ffffffff  __binit__                     
ffffffff  __c_args__                    
UNDEFED   __mpu_init                    
2000fe00  __stack                       
20000000  __start___llvm_prf_cnts       
20000000  __stop___llvm_prf_cnts        
000054a1  _c_int00_noargs               
0000644e  _ctypes_                      
20000408  _orientation                  
UNDEFED   _system_post_cinit            
000055c9  _system_pre_init              
000055cd  abort                         
0000068f  apagarLEDs                    
00000645  apagar_LED_derecho            
0000066d  apagar_LED_izquierdo          
00005349  atoi                          
00000779  atras                         
00000861  atrasV                        
2000041a  bgColorHighByte               
20000419  bgColorLowByte                
ffffffff  binit                         
00000aff  borrar                        
00003091  cambiar_orientacion           
00001201  clearScreen                   
0000128f  clearScreenBkg                
20000418  colorHighByte                 
20000417  colorLowByte                  
20000405  contadorCancion               
20000415  contadorLuz                   
0000551f  copysign                      
0000551f  copysignl                     
00000737  delante                       
000007fd  delanteV                      
00004725  delay                         
00000a01  distanciaDelante              
00000a35  distanciaDerecha              
00000aa1  distanciaGeneral              
00000a69  distanciaIzquierda            
00001601  drawCharLg                    
000016a9  drawCharLgBkg                 
0000178d  drawCharMd                    
0000183b  drawCharMdBkg                 
00001481  drawCharSm                    
00001527  drawCharSmBkg                 
00001e7b  drawCircle                    
0000199d  drawImage                     
000019b5  drawImageLut                  
00001ac3  drawImageMono                 
00001c21  drawLine                      
00001ae1  drawLogicLine                 
00001317  drawPixel                     
00001e17  drawRect                      
00001347  drawString                    
000005f5  encender_LED_derecho          
00000617  encender_LED_izquierdo        
00000639  encender_LEDs                 
2000041c  errno                         
00000ae9  escribir                      
20000413  estado                        
20000414  estado_anterior               
00002099  fillCircle                    
00001ffb  fillRect                      
000055d0  font_11x16                    
0000626e  font_5x7                      
00005dfa  font_8x12                     
000051e9  frexp                         
000051e9  frexpl                        
00002d0b  getAltura                     
00002cb9  getColumna                    
00002c67  getLinea                      
00002c61  getOrientacion                
00002d67  getScreenHeight               
00002d51  getScreenWidth                
00000f61  girarDerechaV                 
00000fc1  girarIzquierdaV               
000008d9  giroDerecha                   
00000921  giroIzquierda                 
00003221  halLcdClearLine               
000030bf  halLcdClearScreen             
000030e3  halLcdClearScreenBkg          
00003395  halLcdDrawCircle              
0000349d  halLcdDrawImageLut            
000032e9  halLcdDrawLine                
00003297  halLcdDrawPixel               
0000333d  halLcdDrawRect                
00003441  halLcdFillCircle              
000033e5  halLcdFillRect                
000030b3  halLcdInit                    
00003103  halLcdPrintLine               
00003183  halLcdPrintLineCol            
00002edd  initLCD                       
00000d85  init_GPIOs                    
00000179  init_interrupciones           
00004601  init_spi_lcd_tactil           
00000595  init_timers                   
000000e5  init_uart                     
00005099  init_ucs_16MHz                
000050d1  init_ucs_24MHz                
00000000  interruptVectors              
00004b21  ldexp                         
00004b21  ldexpl                        
00000ca5  leerVelocidad                 
0000069b  leer_LED_derecho              
000006cd  leer_LED_izquierdo            
20000412  linea                         
00000c31  luzDelante                    
00000c65  luzDerecha                    
00001021  luzDetectada                  
00000bfd  luzIzquierda                  
00003509  main                          
00000b1d  melodia                       
00005503  memccpy                       
00004ddf  memcpy                        
00005025  memset                        
00003b25  menu                          
00000bc7  obstaculoDetectado            
20000416  opcion                        
000007bb  parar                         
000009b9  pivotarDerecha                
00000e99  pivotarDerechaV               
0000096d  pivotarIzquierda              
00000efd  pivotarIzquierdaV             
000038e1  recorrido                     
00003725  recorridoLuz                  
00004b21  scalbn                        
00004b21  scalbnl                       
00000161  sentidoDatos_RX               
0000016d  sentidoDatos_TX               
00002d7d  setArea                       
000011e3  setBackgroundColor            
000011c5  setColor                      
00000701  setEndlessTurn                
00003023  setOrientation                
00001055  silencio                      
00000b99  sonido                        
00001105  sonidoConstante               
00005421  sprintf                       
00005551  strchr                        
00005567  strlen                        
00000d21  temperatura                   
20000402  tiempo                        
0000557b  wcslen                        
000046ff  writeCommand                  
000046d9  writeData                     


GLOBAL SYMBOLS: SORTED BY Symbol Address 

address   name                          
-------   ----                          
00000000  __TI_static_base__            
00000000  interruptVectors              
000000e5  init_uart                     
00000161  sentidoDatos_RX               
0000016d  sentidoDatos_TX               
00000179  init_interrupciones           
000001f3  TxUAC2                        
00000200  __STACK_SIZE                  
0000020f  TxPacket                      
00000351  RxPacket                      
000004bd  EUSCIA2_IRQHandler            
000004bd  EUSCIA2_IRQHandler            
000004f5  RxTxPacket                    
0000052f  Activa_TimerA0_TimeOut        
00000543  Reset_Timeout                 
00000565  TimeOut                       
00000585  Stop_Timeout                  
00000595  init_timers                   
000005cd  TA0_0_IRQHandler              
000005cd  TA0_0_IRQHandler              
000005f5  encender_LED_derecho          
00000617  encender_LED_izquierdo        
00000639  encender_LEDs                 
00000645  apagar_LED_derecho            
0000066d  apagar_LED_izquierdo          
0000068f  apagarLEDs                    
0000069b  leer_LED_derecho              
000006cd  leer_LED_izquierdo            
00000701  setEndlessTurn                
00000737  delante                       
00000779  atras                         
000007bb  parar                         
000007fd  delanteV                      
00000861  atrasV                        
000008d9  giroDerecha                   
00000921  giroIzquierda                 
0000096d  pivotarIzquierda              
000009b9  pivotarDerecha                
00000a01  distanciaDelante              
00000a35  distanciaDerecha              
00000a69  distanciaIzquierda            
00000aa1  distanciaGeneral              
00000ae9  escribir                      
00000aff  borrar                        
00000b1d  melodia                       
00000b99  sonido                        
00000bc7  obstaculoDetectado            
00000bfd  luzIzquierda                  
00000c31  luzDelante                    
00000c65  luzDerecha                    
00000ca5  leerVelocidad                 
00000d21  temperatura                   
00000d4f  TA1_0_IRQHandler              
00000d4f  TA1_0_IRQHandler              
00000d85  init_GPIOs                    
00000e99  pivotarDerechaV               
00000efd  pivotarIzquierdaV             
00000f61  girarDerechaV                 
00000fc1  girarIzquierdaV               
00001021  luzDetectada                  
00001055  silencio                      
00001105  sonidoConstante               
000011c5  setColor                      
000011e3  setBackgroundColor            
00001201  clearScreen                   
0000128f  clearScreenBkg                
00001317  drawPixel                     
00001347  drawString                    
00001481  drawCharSm                    
00001527  drawCharSmBkg                 
00001601  drawCharLg                    
000016a9  drawCharLgBkg                 
0000178d  drawCharMd                    
0000183b  drawCharMdBkg                 
0000199d  drawImage                     
000019b5  drawImageLut                  
00001ac3  drawImageMono                 
00001ae1  drawLogicLine                 
00001c21  drawLine                      
00001e17  drawRect                      
00001e7b  drawCircle                    
00001ffb  fillRect                      
00002099  fillCircle                    
00002211  __TI_printfi                  
00002c5f  __aeabi_idiv0                 
00002c5f  __aeabi_ldiv0                 
00002c61  getOrientacion                
00002c67  getLinea                      
00002cb9  getColumna                    
00002d0b  getAltura                     
00002d51  getScreenWidth                
00002d67  getScreenHeight               
00002d7d  setArea                       
00002edd  initLCD                       
00003023  setOrientation                
00003091  cambiar_orientacion           
000030b3  halLcdInit                    
000030bf  halLcdClearScreen             
000030e3  halLcdClearScreenBkg          
00003103  halLcdPrintLine               
00003183  halLcdPrintLineCol            
00003221  halLcdClearLine               
00003297  halLcdDrawPixel               
000032e9  halLcdDrawLine                
0000333d  halLcdDrawRect                
00003395  halLcdDrawCircle              
000033e5  halLcdFillRect                
00003441  halLcdFillCircle              
0000349d  halLcdDrawImageLut            
00003509  main                          
0000361f  PORT3_IRQHandler              
0000361f  PORT3_IRQHandler              
0000365b  PORT4_IRQHandler              
0000365b  PORT4_IRQHandler              
000036af  PORT5_IRQHandler              
000036af  PORT5_IRQHandler              
00003725  recorridoLuz                  
000038e1  recorrido                     
00003b25  menu                          
00003cd5  SystemCoreClockUpdate         
00003f4d  SystemInit                    
00004449  __aeabi_dsub                  
00004453  __aeabi_dadd                  
00004601  init_spi_lcd_tactil           
000046d9  writeData                     
000046ff  writeCommand                  
00004725  delay                         
000048c5  __aeabi_ddiv                  
00004b21  ldexp                         
00004b21  ldexpl                        
00004b21  scalbn                        
00004b21  scalbnl                       
00004c31  __aeabi_dmul                  
00004ddf  __aeabi_memcpy                
00004ddf  __aeabi_memcpy4               
00004ddf  __aeabi_memcpy8               
00004ddf  memcpy                        
00004e7b  __aeabi_uldivmod              
00004f11  __aeabi_cdcmpeq               
00004f11  __aeabi_cdcmple               
00004f97  __aeabi_cdrcmple              
0000501d  __aeabi_memclr                
0000501d  __aeabi_memclr4               
0000501d  __aeabi_memclr8               
0000501f  __aeabi_memset                
0000501f  __aeabi_memset4               
0000501f  __aeabi_memset8               
00005025  memset                        
00005099  init_ucs_16MHz                
000050d1  init_ucs_24MHz                
0000517f  __TI_decompress_lzss          
000051e9  frexp                         
000051e9  frexpl                        
000052a3  __TI_ltoa                     
00005349  atoi                          
00005395  __aeabi_d2iz                  
000053dd  __TI_auto_init_nobinit_nopinit
00005421  sprintf                       
000054a1  _c_int00_noargs               
000054d5  __aeabi_i2d                   
00005503  memccpy                       
0000551f  copysign                      
0000551f  copysignl                     
00005551  strchr                        
00005567  strlen                        
0000557b  wcslen                        
0000558d  __TI_decompress_none          
0000559b  Reset_Handler                 
000055a7  ADC14_IRQHandler              
000055a7  AES256_IRQHandler             
000055a7  BusFault_Handler              
000055a7  COMP_E0_IRQHandler            
000055a7  COMP_E1_IRQHandler            
000055a7  CS_IRQHandler                 
000055a7  DMA_ERR_IRQHandler            
000055a7  DMA_INT0_IRQHandler           
000055a7  DMA_INT1_IRQHandler           
000055a7  DMA_INT2_IRQHandler           
000055a7  DMA_INT3_IRQHandler           
000055a7  DebugMon_Handler              
000055a7  Default_Handler               
000055a7  EUSCIA0_IRQHandler            
000055a7  EUSCIA1_IRQHandler            
000055a7  EUSCIA3_IRQHandler            
000055a7  EUSCIB0_IRQHandler            
000055a7  EUSCIB1_IRQHandler            
000055a7  EUSCIB2_IRQHandler            
000055a7  EUSCIB3_IRQHandler            
000055a7  FLCTL_IRQHandler              
000055a7  FPU_IRQHandler                
000055a7  HardFault_Handler             
000055a7  MemManage_Handler             
000055a7  NMI_Handler                   
000055a7  PCM_IRQHandler                
000055a7  PORT1_IRQHandler              
000055a7  PORT2_IRQHandler              
000055a7  PORT6_IRQHandler              
000055a7  PSS_IRQHandler                
000055a7  PendSV_Handler                
000055a7  RTC_C_IRQHandler              
000055a7  SVC_Handler                   
000055a7  SysTick_Handler               
000055a7  T32_INT1_IRQHandler           
000055a7  T32_INT2_IRQHandler           
000055a7  T32_INTC_IRQHandler           
000055a7  TA0_N_IRQHandler              
000055a7  TA1_N_IRQHandler              
000055a7  TA2_0_IRQHandler              
000055a7  TA2_N_IRQHandler              
000055a7  TA3_0_IRQHandler              
000055a7  TA3_N_IRQHandler              
000055a7  UsageFault_Handler            
000055a7  WDT_A_IRQHandler              
000055a9  __TI_zero_init                
000055c1  __aeabi_errno_addr            
000055c9  _system_pre_init              
000055cd  C$$EXIT                       
000055cd  abort                         
000055d0  font_11x16                    
00005dfa  font_8x12                     
0000626e  font_5x7                      
0000644e  _ctypes_                      
00006668  __TI_Handler_Table_Base       
00006674  __TI_Handler_Table_Limit      
00006680  __TI_CINIT_Base               
00006690  __TI_CINIT_Limit              
20000000  __start___llvm_prf_cnts       
20000000  __stop___llvm_prf_cnts        
20000400  DatoLeido_UART                
20000402  tiempo                        
20000404  Byte_Recibido                 
20000405  contadorCancion               
20000408  _orientation                  
20000409  Fuente                        
2000040a  Color_Fondo                   
2000040c  Color_Texto                   
2000040e  Color_Fondo_Inv               
20000410  Color_Texto_Inv               
20000412  linea                         
20000413  estado                        
20000414  estado_anterior               
20000415  contadorLuz                   
20000416  opcion                        
20000417  colorLowByte                  
20000418  colorHighByte                 
20000419  bgColorLowByte                
2000041a  bgColorHighByte               
2000041c  errno                         
20000420  SystemCoreClock               
2000fe00  __stack                       
20010000  __STACK_END                   
4000480c  WDTCTL_SYM                    
ffffffff  __TI_pprof_out_hndl           
ffffffff  __TI_prof_data_size           
ffffffff  __TI_prof_data_start          
ffffffff  __binit__                     
ffffffff  __c_args__                    
ffffffff  binit                         
UNDEFED   __mpu_init                    
UNDEFED   _system_post_cinit            

[260 symbols]
