<?xml version="1.0" encoding="ISO-8859-1" ?>
<link_info>
   <banner>TI ARM Linker Unix v20.2.5.LTS</banner>
   <copyright>Copyright (c) 1996-2018 Texas Instruments Incorporated</copyright>
   <link_time>0x6294b233</link_time>
   <link_errors>0x0</link_errors>
   <output_file>def.out</output_file>
   <entry_point>
      <name>_c_int00_noargs</name>
      <address>0x54a1</address>
   </entry_point>
   <input_file_list>
      <input_file id="fl-1">
         <path>./</path>
         <kind>object</kind>
         <file>libreria.obj</file>
         <name>libreria.obj</name>
      </input_file>
      <input_file id="fl-2">
         <path>./</path>
         <kind>object</kind>
         <file>main.obj</file>
         <name>main.obj</name>
      </input_file>
      <input_file id="fl-3">
         <path>./</path>
         <kind>object</kind>
         <file>startup_msp432p401r_ccs.obj</file>
         <name>startup_msp432p401r_ccs.obj</name>
      </input_file>
      <input_file id="fl-4">
         <path>./</path>
         <kind>object</kind>
         <file>system_msp432p401r.obj</file>
         <name>system_msp432p401r.obj</name>
      </input_file>
      <input_file id="fl-9">
         <kind>object</kind>
         <file>&lt;internal&gt;</file>
         <name>&lt;internal&gt;</name>
      </input_file>
      <input_file id="fl-a">
         <path>../</path>
         <kind>archive</kind>
         <file>lib_PAE.lib</file>
         <name>Inicializacion.obj</name>
      </input_file>
      <input_file id="fl-b">
         <path>../</path>
         <kind>archive</kind>
         <file>lib_PAE.lib</file>
         <name>lcd.obj</name>
      </input_file>
      <input_file id="fl-c">
         <path>../</path>
         <kind>archive</kind>
         <file>lib_PAE.lib</file>
         <name>msp_LCD.obj</name>
      </input_file>
      <input_file id="fl-d">
         <path>../</path>
         <kind>archive</kind>
         <file>lib_PAE.lib</file>
         <name>graphics.obj</name>
      </input_file>
      <input_file id="fl-c3">
         <path>/Applications/ti/ccs1040/ccs/tools/compiler/ti-cgt-arm_20.2.5.LTS/lib/</path>
         <kind>archive</kind>
         <file>rtsv7M4_T_le_v4SPD16_eabi.lib</file>
         <name>sprintf.c.obj</name>
      </input_file>
      <input_file id="fl-c4">
         <path>/Applications/ti/ccs1040/ccs/tools/compiler/ti-cgt-arm_20.2.5.LTS/lib/</path>
         <kind>archive</kind>
         <file>rtsv7M4_T_le_v4SPD16_eabi.lib</file>
         <name>memcpy_t2.asm.obj</name>
      </input_file>
      <input_file id="fl-c5">
         <path>/Applications/ti/ccs1040/ccs/tools/compiler/ti-cgt-arm_20.2.5.LTS/lib/</path>
         <kind>archive</kind>
         <file>rtsv7M4_T_le_v4SPD16_eabi.lib</file>
         <name>memset_t2.asm.obj</name>
      </input_file>
      <input_file id="fl-c6">
         <path>/Applications/ti/ccs1040/ccs/tools/compiler/ti-cgt-arm_20.2.5.LTS/lib/</path>
         <kind>archive</kind>
         <file>rtsv7M4_T_le_v4SPD16_eabi.lib</file>
         <name>copy_zero_init.c.obj</name>
      </input_file>
      <input_file id="fl-c7">
         <path>/Applications/ti/ccs1040/ccs/tools/compiler/ti-cgt-arm_20.2.5.LTS/lib/</path>
         <kind>archive</kind>
         <file>rtsv7M4_T_le_v4SPD16_eabi.lib</file>
         <name>copy_decompress_none.c.obj</name>
      </input_file>
      <input_file id="fl-c8">
         <path>/Applications/ti/ccs1040/ccs/tools/compiler/ti-cgt-arm_20.2.5.LTS/lib/</path>
         <kind>archive</kind>
         <file>rtsv7M4_T_le_v4SPD16_eabi.lib</file>
         <name>copy_decompress_lzss.c.obj</name>
      </input_file>
      <input_file id="fl-c9">
         <path>/Applications/ti/ccs1040/ccs/tools/compiler/ti-cgt-arm_20.2.5.LTS/lib/</path>
         <kind>archive</kind>
         <file>rtsv7M4_T_le_v4SPD16_eabi.lib</file>
         <name>boot_cortex_m.c.obj</name>
      </input_file>
      <input_file id="fl-ca">
         <path>/Applications/ti/ccs1040/ccs/tools/compiler/ti-cgt-arm_20.2.5.LTS/lib/</path>
         <kind>archive</kind>
         <file>rtsv7M4_T_le_v4SPD16_eabi.lib</file>
         <name>_printfi.c.obj</name>
      </input_file>
      <input_file id="fl-cb">
         <path>/Applications/ti/ccs1040/ccs/tools/compiler/ti-cgt-arm_20.2.5.LTS/lib/</path>
         <kind>archive</kind>
         <file>rtsv7M4_T_le_v4SPD16_eabi.lib</file>
         <name>s_frexp.c.obj</name>
      </input_file>
      <input_file id="fl-cc">
         <path>/Applications/ti/ccs1040/ccs/tools/compiler/ti-cgt-arm_20.2.5.LTS/lib/</path>
         <kind>archive</kind>
         <file>rtsv7M4_T_le_v4SPD16_eabi.lib</file>
         <name>s_scalbn.c.obj</name>
      </input_file>
      <input_file id="fl-cd">
         <path>/Applications/ti/ccs1040/ccs/tools/compiler/ti-cgt-arm_20.2.5.LTS/lib/</path>
         <kind>archive</kind>
         <file>rtsv7M4_T_le_v4SPD16_eabi.lib</file>
         <name>wcslen.c.obj</name>
      </input_file>
      <input_file id="fl-ce">
         <path>/Applications/ti/ccs1040/ccs/tools/compiler/ti-cgt-arm_20.2.5.LTS/lib/</path>
         <kind>archive</kind>
         <file>rtsv7M4_T_le_v4SPD16_eabi.lib</file>
         <name>fd_add_t2.asm.obj</name>
      </input_file>
      <input_file id="fl-cf">
         <path>/Applications/ti/ccs1040/ccs/tools/compiler/ti-cgt-arm_20.2.5.LTS/lib/</path>
         <kind>archive</kind>
         <file>rtsv7M4_T_le_v4SPD16_eabi.lib</file>
         <name>fd_cmp_t2.asm.obj</name>
      </input_file>
      <input_file id="fl-d0">
         <path>/Applications/ti/ccs1040/ccs/tools/compiler/ti-cgt-arm_20.2.5.LTS/lib/</path>
         <kind>archive</kind>
         <file>rtsv7M4_T_le_v4SPD16_eabi.lib</file>
         <name>fd_div_t2.asm.obj</name>
      </input_file>
      <input_file id="fl-d1">
         <path>/Applications/ti/ccs1040/ccs/tools/compiler/ti-cgt-arm_20.2.5.LTS/lib/</path>
         <kind>archive</kind>
         <file>rtsv7M4_T_le_v4SPD16_eabi.lib</file>
         <name>fd_mul_t2.asm.obj</name>
      </input_file>
      <input_file id="fl-d2">
         <path>/Applications/ti/ccs1040/ccs/tools/compiler/ti-cgt-arm_20.2.5.LTS/lib/</path>
         <kind>archive</kind>
         <file>rtsv7M4_T_le_v4SPD16_eabi.lib</file>
         <name>fd_toi_t2.asm.obj</name>
      </input_file>
      <input_file id="fl-d3">
         <path>/Applications/ti/ccs1040/ccs/tools/compiler/ti-cgt-arm_20.2.5.LTS/lib/</path>
         <kind>archive</kind>
         <file>rtsv7M4_T_le_v4SPD16_eabi.lib</file>
         <name>i_tofd_t2.asm.obj</name>
      </input_file>
      <input_file id="fl-d4">
         <path>/Applications/ti/ccs1040/ccs/tools/compiler/ti-cgt-arm_20.2.5.LTS/lib/</path>
         <kind>archive</kind>
         <file>rtsv7M4_T_le_v4SPD16_eabi.lib</file>
         <name>ull_div_t2.asm.obj</name>
      </input_file>
      <input_file id="fl-d5">
         <path>/Applications/ti/ccs1040/ccs/tools/compiler/ti-cgt-arm_20.2.5.LTS/lib/</path>
         <kind>archive</kind>
         <file>rtsv7M4_T_le_v4SPD16_eabi.lib</file>
         <name>autoinit.c.obj</name>
      </input_file>
      <input_file id="fl-d6">
         <path>/Applications/ti/ccs1040/ccs/tools/compiler/ti-cgt-arm_20.2.5.LTS/lib/</path>
         <kind>archive</kind>
         <file>rtsv7M4_T_le_v4SPD16_eabi.lib</file>
         <name>pre_init.c.obj</name>
      </input_file>
      <input_file id="fl-d7">
         <path>/Applications/ti/ccs1040/ccs/tools/compiler/ti-cgt-arm_20.2.5.LTS/lib/</path>
         <kind>archive</kind>
         <file>rtsv7M4_T_le_v4SPD16_eabi.lib</file>
         <name>cpy_tbl.c.obj</name>
      </input_file>
      <input_file id="fl-d8">
         <path>/Applications/ti/ccs1040/ccs/tools/compiler/ti-cgt-arm_20.2.5.LTS/lib/</path>
         <kind>archive</kind>
         <file>rtsv7M4_T_le_v4SPD16_eabi.lib</file>
         <name>exit.c.obj</name>
      </input_file>
      <input_file id="fl-d9">
         <path>/Applications/ti/ccs1040/ccs/tools/compiler/ti-cgt-arm_20.2.5.LTS/lib/</path>
         <kind>archive</kind>
         <file>rtsv7M4_T_le_v4SPD16_eabi.lib</file>
         <name>_lock.c.obj</name>
      </input_file>
      <input_file id="fl-da">
         <path>/Applications/ti/ccs1040/ccs/tools/compiler/ti-cgt-arm_20.2.5.LTS/lib/</path>
         <kind>archive</kind>
         <file>rtsv7M4_T_le_v4SPD16_eabi.lib</file>
         <name>_ltoa.c.obj</name>
      </input_file>
      <input_file id="fl-db">
         <path>/Applications/ti/ccs1040/ccs/tools/compiler/ti-cgt-arm_20.2.5.LTS/lib/</path>
         <kind>archive</kind>
         <file>rtsv7M4_T_le_v4SPD16_eabi.lib</file>
         <name>args_main.c.obj</name>
      </input_file>
      <input_file id="fl-dc">
         <path>/Applications/ti/ccs1040/ccs/tools/compiler/ti-cgt-arm_20.2.5.LTS/lib/</path>
         <kind>archive</kind>
         <file>rtsv7M4_T_le_v4SPD16_eabi.lib</file>
         <name>atoi.c.obj</name>
      </input_file>
      <input_file id="fl-dd">
         <path>/Applications/ti/ccs1040/ccs/tools/compiler/ti-cgt-arm_20.2.5.LTS/lib/</path>
         <kind>archive</kind>
         <file>rtsv7M4_T_le_v4SPD16_eabi.lib</file>
         <name>ctype.c.obj</name>
      </input_file>
      <input_file id="fl-de">
         <path>/Applications/ti/ccs1040/ccs/tools/compiler/ti-cgt-arm_20.2.5.LTS/lib/</path>
         <kind>archive</kind>
         <file>rtsv7M4_T_le_v4SPD16_eabi.lib</file>
         <name>memccpy.c.obj</name>
      </input_file>
      <input_file id="fl-df">
         <path>/Applications/ti/ccs1040/ccs/tools/compiler/ti-cgt-arm_20.2.5.LTS/lib/</path>
         <kind>archive</kind>
         <file>rtsv7M4_T_le_v4SPD16_eabi.lib</file>
         <name>strchr.c.obj</name>
      </input_file>
      <input_file id="fl-e0">
         <path>/Applications/ti/ccs1040/ccs/tools/compiler/ti-cgt-arm_20.2.5.LTS/lib/</path>
         <kind>archive</kind>
         <file>rtsv7M4_T_le_v4SPD16_eabi.lib</file>
         <name>strlen.c.obj</name>
      </input_file>
      <input_file id="fl-e1">
         <path>/Applications/ti/ccs1040/ccs/tools/compiler/ti-cgt-arm_20.2.5.LTS/lib/</path>
         <kind>archive</kind>
         <file>rtsv7M4_T_le_v4SPD16_eabi.lib</file>
         <name>errno.c.obj</name>
      </input_file>
      <input_file id="fl-e2">
         <path>/Applications/ti/ccs1040/ccs/tools/compiler/ti-cgt-arm_20.2.5.LTS/lib/</path>
         <kind>archive</kind>
         <file>rtsv7M4_T_le_v4SPD16_eabi.lib</file>
         <name>s_copysign.c.obj</name>
      </input_file>
      <input_file id="fl-e3">
         <path>/Applications/ti/ccs1040/ccs/tools/compiler/ti-cgt-arm_20.2.5.LTS/lib/</path>
         <kind>archive</kind>
         <file>rtsv7M4_T_le_v4SPD16_eabi.lib</file>
         <name>div0.asm.obj</name>
      </input_file>
   </input_file_list>
   <object_component_list>
      <object_component id="oc-26">
         <name>.intvecs:retain</name>
         <load_address>0x0</load_address>
         <run_address>0x0</run_address>
         <size>0xe4</size>
         <input_file_ref idref="fl-3"/>
      </object_component>
      <object_component id="oc-6d">
         <name>.text</name>
         <load_address>0xe4</load_address>
         <run_address>0xe4</run_address>
         <size>0x10e0</size>
         <input_file_ref idref="fl-1"/>
      </object_component>
      <object_component id="oc-1e7">
         <name>.text</name>
         <load_address>0x11c4</load_address>
         <run_address>0x11c4</run_address>
         <size>0x104c</size>
         <input_file_ref idref="fl-d"/>
      </object_component>
      <object_component id="oc-283">
         <name>.text:__TI_printfi</name>
         <load_address>0x2210</load_address>
         <run_address>0x2210</run_address>
         <size>0xa4e</size>
         <input_file_ref idref="fl-ca"/>
      </object_component>
      <object_component id="oc-3fd">
         <name>.text</name>
         <load_address>0x2c5e</load_address>
         <run_address>0x2c5e</run_address>
         <size>0x2</size>
         <input_file_ref idref="fl-e3"/>
      </object_component>
      <object_component id="oc-b2">
         <name>.text</name>
         <load_address>0x2c60</load_address>
         <run_address>0x2c60</run_address>
         <size>0x8a8</size>
         <input_file_ref idref="fl-b"/>
      </object_component>
      <object_component id="oc-73">
         <name>.text</name>
         <load_address>0x3508</load_address>
         <run_address>0x3508</run_address>
         <size>0x7cc</size>
         <input_file_ref idref="fl-2"/>
      </object_component>
      <object_component id="oc-ab">
         <name>.text</name>
         <load_address>0x3cd4</load_address>
         <run_address>0x3cd4</run_address>
         <size>0x334</size>
         <input_file_ref idref="fl-4"/>
      </object_component>
      <object_component id="oc-30b">
         <name>.text:_pconv_a</name>
         <load_address>0x4008</load_address>
         <run_address>0x4008</run_address>
         <size>0x270</size>
         <input_file_ref idref="fl-ca"/>
      </object_component>
      <object_component id="oc-2f9">
         <name>.text:_pconv_g</name>
         <load_address>0x4278</load_address>
         <run_address>0x4278</run_address>
         <size>0x1d0</size>
         <input_file_ref idref="fl-ca"/>
      </object_component>
      <object_component id="oc-38e">
         <name>.text</name>
         <load_address>0x4448</load_address>
         <run_address>0x4448</run_address>
         <size>0x1b6</size>
         <input_file_ref idref="fl-ce"/>
      </object_component>
      <object_component id="oc-1de">
         <name>.text</name>
         <load_address>0x4600</load_address>
         <run_address>0x4600</run_address>
         <size>0x188</size>
         <input_file_ref idref="fl-c"/>
      </object_component>
      <object_component id="oc-305">
         <name>.text:_pconv_e</name>
         <load_address>0x4788</load_address>
         <run_address>0x4788</run_address>
         <size>0x13c</size>
         <input_file_ref idref="fl-ca"/>
      </object_component>
      <object_component id="oc-374">
         <name>.text</name>
         <load_address>0x48c4</load_address>
         <run_address>0x48c4</run_address>
         <size>0x136</size>
         <input_file_ref idref="fl-d0"/>
      </object_component>
      <object_component id="oc-3a0">
         <name>.text:fcvt</name>
         <load_address>0x49fc</load_address>
         <run_address>0x49fc</run_address>
         <size>0x124</size>
         <input_file_ref idref="fl-ca"/>
      </object_component>
      <object_component id="oc-3b4">
         <name>.text:scalbn</name>
         <load_address>0x4b20</load_address>
         <run_address>0x4b20</run_address>
         <size>0x110</size>
         <input_file_ref idref="fl-cc"/>
      </object_component>
      <object_component id="oc-36f">
         <name>.text</name>
         <load_address>0x4c30</load_address>
         <run_address>0x4c30</run_address>
         <size>0xfc</size>
         <input_file_ref idref="fl-d1"/>
      </object_component>
      <object_component id="oc-2ee">
         <name>.text:_ltostr</name>
         <load_address>0x4d2c</load_address>
         <run_address>0x4d2c</run_address>
         <size>0xb1</size>
         <input_file_ref idref="fl-ca"/>
      </object_component>
      <object_component id="oc-37">
         <name>.text</name>
         <load_address>0x4dde</load_address>
         <run_address>0x4dde</run_address>
         <size>0x9c</size>
         <input_file_ref idref="fl-c4"/>
      </object_component>
      <object_component id="oc-368">
         <name>.text</name>
         <load_address>0x4e7a</load_address>
         <run_address>0x4e7a</run_address>
         <size>0x96</size>
         <input_file_ref idref="fl-d4"/>
      </object_component>
      <object_component id="oc-2f4">
         <name>.text:__aeabi_cdcmple</name>
         <load_address>0x4f10</load_address>
         <run_address>0x4f10</run_address>
         <size>0x86</size>
         <input_file_ref idref="fl-cf"/>
      </object_component>
      <object_component id="oc-379">
         <name>.text:__aeabi_cdrcmple</name>
         <load_address>0x4f96</load_address>
         <run_address>0x4f96</run_address>
         <size>0x86</size>
         <input_file_ref idref="fl-cf"/>
      </object_component>
      <object_component id="oc-93">
         <name>.text</name>
         <load_address>0x501c</load_address>
         <run_address>0x501c</run_address>
         <size>0x7a</size>
         <input_file_ref idref="fl-c5"/>
      </object_component>
      <object_component id="oc-161">
         <name>.text</name>
         <load_address>0x5098</load_address>
         <run_address>0x5098</run_address>
         <size>0x78</size>
         <input_file_ref idref="fl-a"/>
      </object_component>
      <object_component id="oc-399">
         <name>.text:_mcpy</name>
         <load_address>0x5110</load_address>
         <run_address>0x5110</run_address>
         <size>0x6e</size>
         <input_file_ref idref="fl-ca"/>
      </object_component>
      <object_component id="oc-17">
         <name>.text:decompress:lzss:__TI_decompress_lzss</name>
         <load_address>0x517e</load_address>
         <run_address>0x517e</run_address>
         <size>0x68</size>
         <input_file_ref idref="fl-c8"/>
      </object_component>
      <object_component id="oc-3ae">
         <name>.text:frexp</name>
         <load_address>0x51e8</load_address>
         <run_address>0x51e8</run_address>
         <size>0x64</size>
         <input_file_ref idref="fl-cb"/>
      </object_component>
      <object_component id="oc-2ff">
         <name>.text:_pconv_f</name>
         <load_address>0x524c</load_address>
         <run_address>0x524c</run_address>
         <size>0x56</size>
         <input_file_ref idref="fl-ca"/>
      </object_component>
      <object_component id="oc-383">
         <name>.text:__TI_ltoa</name>
         <load_address>0x52a2</load_address>
         <run_address>0x52a2</run_address>
         <size>0x54</size>
         <input_file_ref idref="fl-da"/>
      </object_component>
      <object_component id="oc-393">
         <name>.text:_ecpy</name>
         <load_address>0x52f6</load_address>
         <run_address>0x52f6</run_address>
         <size>0x52</size>
         <input_file_ref idref="fl-ca"/>
      </object_component>
      <object_component id="oc-2e8">
         <name>.text:atoi</name>
         <load_address>0x5348</load_address>
         <run_address>0x5348</run_address>
         <size>0x4c</size>
         <input_file_ref idref="fl-dc"/>
      </object_component>
      <object_component id="oc-37e">
         <name>.text</name>
         <load_address>0x5394</load_address>
         <run_address>0x5394</run_address>
         <size>0x48</size>
         <input_file_ref idref="fl-d2"/>
      </object_component>
      <object_component id="oc-1a8">
         <name>.text:__TI_auto_init_nobinit_nopinit:__TI_auto_init_nobinit_nopinit</name>
         <load_address>0x53dc</load_address>
         <run_address>0x53dc</run_address>
         <size>0x44</size>
         <input_file_ref idref="fl-d5"/>
      </object_component>
      <object_component id="oc-179">
         <name>.text:sprintf</name>
         <load_address>0x5420</load_address>
         <run_address>0x5420</run_address>
         <size>0x40</size>
         <input_file_ref idref="fl-c3"/>
      </object_component>
      <object_component id="oc-3a6">
         <name>.text:_fcpy</name>
         <load_address>0x5460</load_address>
         <run_address>0x5460</run_address>
         <size>0x3e</size>
         <input_file_ref idref="fl-ca"/>
      </object_component>
      <object_component id="oc-55">
         <name>.text:_c_int00_noargs:_c_int00_noargs</name>
         <load_address>0x54a0</load_address>
         <run_address>0x54a0</run_address>
         <size>0x34</size>
         <input_file_ref idref="fl-c9"/>
      </object_component>
      <object_component id="oc-389">
         <name>.text</name>
         <load_address>0x54d4</load_address>
         <run_address>0x54d4</run_address>
         <size>0x2e</size>
         <input_file_ref idref="fl-d3"/>
      </object_component>
      <object_component id="oc-311">
         <name>.text:memccpy</name>
         <load_address>0x5502</load_address>
         <run_address>0x5502</run_address>
         <size>0x1c</size>
         <input_file_ref idref="fl-de"/>
      </object_component>
      <object_component id="oc-416">
         <name>.text:copysign</name>
         <load_address>0x551e</load_address>
         <run_address>0x551e</run_address>
         <size>0x1a</size>
         <input_file_ref idref="fl-e2"/>
      </object_component>
      <object_component id="oc-289">
         <name>.text:_outs</name>
         <load_address>0x5538</load_address>
         <run_address>0x5538</run_address>
         <size>0x18</size>
         <input_file_ref idref="fl-c3"/>
      </object_component>
      <object_component id="oc-3ba">
         <name>.text:strchr</name>
         <load_address>0x5550</load_address>
         <run_address>0x5550</run_address>
         <size>0x16</size>
         <input_file_ref idref="fl-df"/>
      </object_component>
      <object_component id="oc-2e2">
         <name>.text:strlen</name>
         <load_address>0x5566</load_address>
         <run_address>0x5566</run_address>
         <size>0x14</size>
         <input_file_ref idref="fl-e0"/>
      </object_component>
      <object_component id="oc-317">
         <name>.text:wcslen</name>
         <load_address>0x557a</load_address>
         <run_address>0x557a</run_address>
         <size>0x12</size>
         <input_file_ref idref="fl-cd"/>
      </object_component>
      <object_component id="oc-1d">
         <name>.text:decompress:none:__TI_decompress_none</name>
         <load_address>0x558c</load_address>
         <run_address>0x558c</run_address>
         <size>0xe</size>
         <input_file_ref idref="fl-c7"/>
      </object_component>
      <object_component id="oc-67">
         <name>.text</name>
         <load_address>0x559a</load_address>
         <run_address>0x559a</run_address>
         <size>0xe</size>
         <input_file_ref idref="fl-3"/>
      </object_component>
      <object_component id="oc-49">
         <name>.text:decompress:ZI:__TI_zero_init</name>
         <load_address>0x55a8</load_address>
         <run_address>0x55a8</run_address>
         <size>0xc</size>
         <input_file_ref idref="fl-c6"/>
      </object_component>
      <object_component id="oc-28f">
         <name>.text:_outc</name>
         <load_address>0x55b4</load_address>
         <run_address>0x55b4</run_address>
         <size>0xa</size>
         <input_file_ref idref="fl-c3"/>
      </object_component>
      <object_component id="oc-31d">
         <name>.text:__aeabi_errno_addr</name>
         <load_address>0x55c0</load_address>
         <run_address>0x55c0</run_address>
         <size>0x8</size>
         <input_file_ref idref="fl-e1"/>
      </object_component>
      <object_component id="oc-99">
         <name>.text:_system_pre_init</name>
         <load_address>0x55c8</load_address>
         <run_address>0x55c8</run_address>
         <size>0x4</size>
         <input_file_ref idref="fl-d6"/>
      </object_component>
      <object_component id="oc-19c">
         <name>.text:abort:abort</name>
         <load_address>0x55cc</load_address>
         <run_address>0x55cc</run_address>
         <size>0x4</size>
         <input_file_ref idref="fl-d8"/>
      </object_component>
      <object_component id="oc-2c7">
         <name>.const:font_11x16</name>
         <load_address>0x55d0</load_address>
         <run_address>0x55d0</run_address>
         <size>0x82a</size>
         <input_file_ref idref="fl-d"/>
      </object_component>
      <object_component id="oc-2ca">
         <name>.const:font_8x12</name>
         <load_address>0x5dfa</load_address>
         <run_address>0x5dfa</run_address>
         <size>0x474</size>
         <input_file_ref idref="fl-d"/>
      </object_component>
      <object_component id="oc-2c4">
         <name>.const:font_5x7</name>
         <load_address>0x626e</load_address>
         <run_address>0x626e</run_address>
         <size>0x1e0</size>
         <input_file_ref idref="fl-d"/>
      </object_component>
      <object_component id="oc-363">
         <name>.const:.string:_ctypes_</name>
         <load_address>0x644e</load_address>
         <run_address>0x644e</run_address>
         <size>0x101</size>
         <input_file_ref idref="fl-dd"/>
      </object_component>
      <object_component id="oc-b8">
         <name>.const:.string:$P$T0$1</name>
         <load_address>0x654f</load_address>
         <run_address>0x654f</run_address>
         <size>0x12</size>
         <input_file_ref idref="fl-1"/>
      </object_component>
      <object_component id="oc-1ed">
         <name>.const:.string:$P$T0$1</name>
         <load_address>0x6561</load_address>
         <run_address>0x6561</run_address>
         <size>0x10</size>
         <input_file_ref idref="fl-b"/>
      </object_component>
      <object_component id="oc-167">
         <name>.const:.string:$P$T0$1</name>
         <load_address>0x6571</load_address>
         <run_address>0x6571</run_address>
         <size>0x10</size>
         <input_file_ref idref="fl-2"/>
      </object_component>
      <object_component id="oc-1f0">
         <name>.const:.string:$P$T1$2</name>
         <load_address>0x6581</load_address>
         <run_address>0x6581</run_address>
         <size>0x10</size>
         <input_file_ref idref="fl-b"/>
      </object_component>
      <object_component id="oc-16a">
         <name>.const:.string:$P$T1$2</name>
         <load_address>0x6591</load_address>
         <run_address>0x6591</run_address>
         <size>0x10</size>
         <input_file_ref idref="fl-2"/>
      </object_component>
      <object_component id="oc-16d">
         <name>.const:.string:$P$T2$3</name>
         <load_address>0x65a1</load_address>
         <run_address>0x65a1</run_address>
         <size>0x10</size>
         <input_file_ref idref="fl-2"/>
      </object_component>
      <object_component id="oc-170">
         <name>.const:.string:$P$T3$4</name>
         <load_address>0x65b1</load_address>
         <run_address>0x65b1</run_address>
         <size>0x10</size>
         <input_file_ref idref="fl-2"/>
      </object_component>
      <object_component id="oc-173">
         <name>.const:.string:$P$T4$5</name>
         <load_address>0x65c1</load_address>
         <run_address>0x65c1</run_address>
         <size>0x10</size>
         <input_file_ref idref="fl-2"/>
      </object_component>
      <object_component id="oc-d4">
         <name>.const:.string:$P$T7$8</name>
         <load_address>0x65d1</load_address>
         <run_address>0x65d1</run_address>
         <size>0x5</size>
         <input_file_ref idref="fl-1"/>
      </object_component>
      <object_component id="oc-dd">
         <name>.const:.string:$P$T10$11</name>
         <load_address>0x65d6</load_address>
         <run_address>0x65d6</run_address>
         <size>0x3</size>
         <input_file_ref idref="fl-1"/>
      </object_component>
      <object_component id="oc-e0">
         <name>.const:.string:$P$T11$12</name>
         <load_address>0x65d9</load_address>
         <run_address>0x65d9</run_address>
         <size>0x3</size>
         <input_file_ref idref="fl-1"/>
      </object_component>
      <object_component id="oc-e3">
         <name>.const:.string:$P$T12$13</name>
         <load_address>0x65dc</load_address>
         <run_address>0x65dc</run_address>
         <size>0x3</size>
         <input_file_ref idref="fl-1"/>
      </object_component>
      <object_component id="oc-e6">
         <name>.const:.string:$P$T13$14</name>
         <load_address>0x65df</load_address>
         <run_address>0x65df</run_address>
         <size>0x3</size>
         <input_file_ref idref="fl-1"/>
      </object_component>
      <object_component id="oc-e9">
         <name>.const:.string:$P$T14$15</name>
         <load_address>0x65e2</load_address>
         <run_address>0x65e2</run_address>
         <size>0x3</size>
         <input_file_ref idref="fl-1"/>
      </object_component>
      <object_component id="oc-ec">
         <name>.const:.string:$P$T15$16</name>
         <load_address>0x65e5</load_address>
         <run_address>0x65e5</run_address>
         <size>0x3</size>
         <input_file_ref idref="fl-1"/>
      </object_component>
      <object_component id="oc-ef">
         <name>.const:.string:$P$T16$17</name>
         <load_address>0x65e8</load_address>
         <run_address>0x65e8</run_address>
         <size>0x3</size>
         <input_file_ref idref="fl-1"/>
      </object_component>
      <object_component id="oc-f2">
         <name>.const:.string:$P$T17$18</name>
         <load_address>0x65eb</load_address>
         <run_address>0x65eb</run_address>
         <size>0x3</size>
         <input_file_ref idref="fl-1"/>
      </object_component>
      <object_component id="oc-f5">
         <name>.const:.string:$P$T18$19</name>
         <load_address>0x65ee</load_address>
         <run_address>0x65ee</run_address>
         <size>0x3</size>
         <input_file_ref idref="fl-1"/>
      </object_component>
      <object_component id="oc-f8">
         <name>.const:.string:$P$T19$20</name>
         <load_address>0x65f1</load_address>
         <run_address>0x65f1</run_address>
         <size>0x3</size>
         <input_file_ref idref="fl-1"/>
      </object_component>
      <object_component id="oc-fb">
         <name>.const:.string:$P$T20$21</name>
         <load_address>0x65f4</load_address>
         <run_address>0x65f4</run_address>
         <size>0x3</size>
         <input_file_ref idref="fl-1"/>
      </object_component>
      <object_component id="oc-fe">
         <name>.const:.string:$P$T21$22</name>
         <load_address>0x65f7</load_address>
         <run_address>0x65f7</run_address>
         <size>0x3</size>
         <input_file_ref idref="fl-1"/>
      </object_component>
      <object_component id="oc-101">
         <name>.const:.string:$P$T22$23</name>
         <load_address>0x65fa</load_address>
         <run_address>0x65fa</run_address>
         <size>0x3</size>
         <input_file_ref idref="fl-1"/>
      </object_component>
      <object_component id="oc-104">
         <name>.const:.string:$P$T23$24</name>
         <load_address>0x65fd</load_address>
         <run_address>0x65fd</run_address>
         <size>0x3</size>
         <input_file_ref idref="fl-1"/>
      </object_component>
      <object_component id="oc-107">
         <name>.const:.string:$P$T24$25</name>
         <load_address>0x6600</load_address>
         <run_address>0x6600</run_address>
         <size>0x3</size>
         <input_file_ref idref="fl-1"/>
      </object_component>
      <object_component id="oc-12c">
         <name>.const:.string:$P$T36$37</name>
         <load_address>0x6603</load_address>
         <run_address>0x6603</run_address>
         <size>0x3</size>
         <input_file_ref idref="fl-1"/>
      </object_component>
      <object_component id="oc-132">
         <name>.const:.string:$P$T38$39</name>
         <load_address>0x6606</load_address>
         <run_address>0x6606</run_address>
         <size>0x3</size>
         <input_file_ref idref="fl-1"/>
      </object_component>
      <object_component id="oc-135">
         <name>.const:.string:$P$T39$40</name>
         <load_address>0x6609</load_address>
         <run_address>0x6609</run_address>
         <size>0x3</size>
         <input_file_ref idref="fl-1"/>
      </object_component>
      <object_component id="oc-138">
         <name>.const:.string:$P$T40$41</name>
         <load_address>0x660c</load_address>
         <run_address>0x660c</run_address>
         <size>0x3</size>
         <input_file_ref idref="fl-1"/>
      </object_component>
      <object_component id="oc-13b">
         <name>.const:.string:$P$T41$42</name>
         <load_address>0x660f</load_address>
         <run_address>0x660f</run_address>
         <size>0x3</size>
         <input_file_ref idref="fl-1"/>
      </object_component>
      <object_component id="oc-13e">
         <name>.const:.string:$P$T42$43</name>
         <load_address>0x6612</load_address>
         <run_address>0x6612</run_address>
         <size>0x3</size>
         <input_file_ref idref="fl-1"/>
      </object_component>
      <object_component id="oc-141">
         <name>.const:.string:$P$T43$44</name>
         <load_address>0x6615</load_address>
         <run_address>0x6615</run_address>
         <size>0x3</size>
         <input_file_ref idref="fl-1"/>
      </object_component>
      <object_component id="oc-144">
         <name>.const:.string:$P$T44$45</name>
         <load_address>0x6618</load_address>
         <run_address>0x6618</run_address>
         <size>0x3</size>
         <input_file_ref idref="fl-1"/>
      </object_component>
      <object_component id="oc-147">
         <name>.const:.string:$P$T45$46</name>
         <load_address>0x661b</load_address>
         <run_address>0x661b</run_address>
         <size>0x3</size>
         <input_file_ref idref="fl-1"/>
      </object_component>
      <object_component id="oc-d7">
         <name>.const:.string:$P$T8$9</name>
         <load_address>0x661e</load_address>
         <run_address>0x661e</run_address>
         <size>0x3</size>
         <input_file_ref idref="fl-1"/>
      </object_component>
      <object_component id="oc-da">
         <name>.const:.string:$P$T9$10</name>
         <load_address>0x6621</load_address>
         <run_address>0x6621</run_address>
         <size>0x3</size>
         <input_file_ref idref="fl-1"/>
      </object_component>
      <object_component id="oc-c2">
         <name>.const:.string:$P$T1$2</name>
         <load_address>0x6624</load_address>
         <run_address>0x6624</run_address>
         <size>0x2</size>
         <input_file_ref idref="fl-1"/>
      </object_component>
      <object_component id="oc-c5">
         <name>.const:.string:$P$T2$3</name>
         <load_address>0x6626</load_address>
         <run_address>0x6626</run_address>
         <size>0x2</size>
         <input_file_ref idref="fl-1"/>
      </object_component>
      <object_component id="oc-10a">
         <name>.const:.string:$P$T25$26</name>
         <load_address>0x6628</load_address>
         <run_address>0x6628</run_address>
         <size>0x2</size>
         <input_file_ref idref="fl-1"/>
      </object_component>
      <object_component id="oc-10d">
         <name>.const:.string:$P$T26$27</name>
         <load_address>0x662a</load_address>
         <run_address>0x662a</run_address>
         <size>0x2</size>
         <input_file_ref idref="fl-1"/>
      </object_component>
      <object_component id="oc-110">
         <name>.const:.string:$P$T27$28</name>
         <load_address>0x662c</load_address>
         <run_address>0x662c</run_address>
         <size>0x2</size>
         <input_file_ref idref="fl-1"/>
      </object_component>
      <object_component id="oc-113">
         <name>.const:.string:$P$T28$29</name>
         <load_address>0x662e</load_address>
         <run_address>0x662e</run_address>
         <size>0x2</size>
         <input_file_ref idref="fl-1"/>
      </object_component>
      <object_component id="oc-c8">
         <name>.const:.string:$P$T3$4</name>
         <load_address>0x6630</load_address>
         <run_address>0x6630</run_address>
         <size>0x2</size>
         <input_file_ref idref="fl-1"/>
      </object_component>
      <object_component id="oc-11d">
         <name>.const:.string:$P$T31$32</name>
         <load_address>0x6632</load_address>
         <run_address>0x6632</run_address>
         <size>0x2</size>
         <input_file_ref idref="fl-1"/>
      </object_component>
      <object_component id="oc-120">
         <name>.const:.string:$P$T32$33</name>
         <load_address>0x6634</load_address>
         <run_address>0x6634</run_address>
         <size>0x2</size>
         <input_file_ref idref="fl-1"/>
      </object_component>
      <object_component id="oc-123">
         <name>.const:.string:$P$T33$34</name>
         <load_address>0x6636</load_address>
         <run_address>0x6636</run_address>
         <size>0x2</size>
         <input_file_ref idref="fl-1"/>
      </object_component>
      <object_component id="oc-126">
         <name>.const:.string:$P$T34$35</name>
         <load_address>0x6638</load_address>
         <run_address>0x6638</run_address>
         <size>0x2</size>
         <input_file_ref idref="fl-1"/>
      </object_component>
      <object_component id="oc-129">
         <name>.const:.string:$P$T35$36</name>
         <load_address>0x663a</load_address>
         <run_address>0x663a</run_address>
         <size>0x2</size>
         <input_file_ref idref="fl-1"/>
      </object_component>
      <object_component id="oc-12f">
         <name>.const:.string:$P$T37$38</name>
         <load_address>0x663c</load_address>
         <run_address>0x663c</run_address>
         <size>0x2</size>
         <input_file_ref idref="fl-1"/>
      </object_component>
      <object_component id="oc-cb">
         <name>.const:.string:$P$T4$5</name>
         <load_address>0x663e</load_address>
         <run_address>0x663e</run_address>
         <size>0x2</size>
         <input_file_ref idref="fl-1"/>
      </object_component>
      <object_component id="oc-14a">
         <name>.const:.string:$P$T46$47</name>
         <load_address>0x6640</load_address>
         <run_address>0x6640</run_address>
         <size>0x2</size>
         <input_file_ref idref="fl-1"/>
      </object_component>
      <object_component id="oc-ce">
         <name>.const:.string:$P$T5$6</name>
         <load_address>0x6642</load_address>
         <run_address>0x6642</run_address>
         <size>0x2</size>
         <input_file_ref idref="fl-1"/>
      </object_component>
      <object_component id="oc-d1">
         <name>.const:.string:$P$T6$7</name>
         <load_address>0x6644</load_address>
         <run_address>0x6644</run_address>
         <size>0x2</size>
         <input_file_ref idref="fl-1"/>
      </object_component>
      <object_component id="oc-117">
         <name>.const:.string:$P$T29$30</name>
         <load_address>0x6646</load_address>
         <run_address>0x6646</run_address>
         <size>0x1</size>
         <input_file_ref idref="fl-1"/>
      </object_component>
      <object_component id="oc-11a">
         <name>.const:.string:$P$T30$31</name>
         <load_address>0x6647</load_address>
         <run_address>0x6647</run_address>
         <size>0x1</size>
         <input_file_ref idref="fl-1"/>
      </object_component>
      <object_component id="oc-14d">
         <name>.const:.string:$P$T47$48</name>
         <load_address>0x6648</load_address>
         <run_address>0x6648</run_address>
         <size>0x1</size>
         <input_file_ref idref="fl-1"/>
      </object_component>
      <object_component id="oc-150">
         <name>.const:.string:$P$T48$49</name>
         <load_address>0x6649</load_address>
         <run_address>0x6649</run_address>
         <size>0x1</size>
         <input_file_ref idref="fl-1"/>
      </object_component>
      <object_component id="oc-153">
         <name>.const:.string:$P$T49$50</name>
         <load_address>0x664a</load_address>
         <run_address>0x664a</run_address>
         <size>0x1</size>
         <input_file_ref idref="fl-1"/>
      </object_component>
      <object_component id="oc-474">
         <name>.cinit..data.load</name>
         <load_address>0x6650</load_address>
         <run_address>0x6650</run_address>
         <size>0x17</size>
      </object_component>
      <object_component id="oc-472">
         <name>__TI_handler_table</name>
         <load_address>0x6668</load_address>
         <run_address>0x6668</run_address>
         <size>0xc</size>
      </object_component>
      <object_component id="oc-475">
         <name>.cinit..bss.load</name>
         <load_address>0x6678</load_address>
         <run_address>0x6678</run_address>
         <size>0x8</size>
      </object_component>
      <object_component id="oc-473">
         <name>__TI_cinit_table</name>
         <load_address>0x6680</load_address>
         <run_address>0x6680</run_address>
         <size>0x10</size>
      </object_component>
      <object_component id="oc-446">
         <name>.binit</name>
         <load_address>0x0</load_address>
         <run_address>0x0</run_address>
         <size>0x0</size>
      </object_component>
      <object_component id="oc-176">
         <name>.data</name>
         <load_address>0x20000412</load_address>
         <run_address>0x20000412</run_address>
         <size>0x5</size>
         <input_file_ref idref="fl-2"/>
      </object_component>
      <object_component id="oc-1da">
         <name>.data</name>
         <load_address>0x20000420</load_address>
         <run_address>0x20000420</run_address>
         <size>0x4</size>
         <input_file_ref idref="fl-4"/>
      </object_component>
      <object_component id="oc-1e4">
         <name>.data</name>
         <load_address>0x20000408</load_address>
         <run_address>0x20000408</run_address>
         <size>0xa</size>
         <input_file_ref idref="fl-b"/>
      </object_component>
      <object_component id="oc-2c1">
         <name>.data</name>
         <load_address>0x20000417</load_address>
         <run_address>0x20000417</run_address>
         <size>0x4</size>
         <input_file_ref idref="fl-d"/>
      </object_component>
      <object_component id="oc-3ca">
         <name>.data</name>
         <load_address>0x2000041c</load_address>
         <run_address>0x2000041c</run_address>
         <size>0x4</size>
         <input_file_ref idref="fl-e1"/>
      </object_component>
      <object_component id="oc-2cd">
         <name>.bss:g_pulConvertedPalette</name>
         <uninitialized>true</uninitialized>
         <run_address>0x20000000</run_address>
         <size>0x400</size>
         <input_file_ref idref="fl-d"/>
      </object_component>
      <object_component id="oc-c0">
         <name>.common:DatoLeido_UART</name>
         <uninitialized>true</uninitialized>
         <run_address>0x20000400</run_address>
         <size>0x2</size>
      </object_component>
      <object_component id="oc-c1">
         <name>.common:tiempo</name>
         <uninitialized>true</uninitialized>
         <run_address>0x20000402</run_address>
         <size>0x2</size>
      </object_component>
      <object_component id="oc-bb">
         <name>.common:Byte_Recibido</name>
         <uninitialized>true</uninitialized>
         <run_address>0x20000404</run_address>
         <size>0x1</size>
      </object_component>
      <object_component id="oc-116">
         <name>.common:contadorCancion</name>
         <uninitialized>true</uninitialized>
         <run_address>0x20000405</run_address>
         <size>0x1</size>
      </object_component>
      <object_component id="oc-29">
         <name>.stack</name>
         <uninitialized>true</uninitialized>
         <run_address>0x2000fe00</run_address>
         <size>0x4</size>
         <input_file_ref idref="fl-c9"/>
      </object_component>
      <object_component id="oc-477">
         <name>.stack</name>
         <uninitialized>true</uninitialized>
         <run_address>0x2000fe00</run_address>
         <size>0x0</size>
      </object_component>
      <object_component id="oc-be">
         <name>.debug_info</name>
         <load_address>0x0</load_address>
         <run_address>0x0</run_address>
         <size>0x6fa</size>
         <input_file_ref idref="fl-1"/>
      </object_component>
      <object_component id="oc-b9">
         <name>.debug_info</name>
         <load_address>0x6fa</load_address>
         <run_address>0x6fa</run_address>
         <size>0xcd</size>
         <input_file_ref idref="fl-1"/>
      </object_component>
      <object_component id="oc-c3">
         <name>.debug_info</name>
         <load_address>0x7c7</load_address>
         <run_address>0x7c7</run_address>
         <size>0xce</size>
         <input_file_ref idref="fl-1"/>
      </object_component>
      <object_component id="oc-c6">
         <name>.debug_info</name>
         <load_address>0x895</load_address>
         <run_address>0x895</run_address>
         <size>0xce</size>
         <input_file_ref idref="fl-1"/>
      </object_component>
      <object_component id="oc-c9">
         <name>.debug_info</name>
         <load_address>0x963</load_address>
         <run_address>0x963</run_address>
         <size>0xce</size>
         <input_file_ref idref="fl-1"/>
      </object_component>
      <object_component id="oc-cc">
         <name>.debug_info</name>
         <load_address>0xa31</load_address>
         <run_address>0xa31</run_address>
         <size>0xce</size>
         <input_file_ref idref="fl-1"/>
      </object_component>
      <object_component id="oc-cf">
         <name>.debug_info</name>
         <load_address>0xaff</load_address>
         <run_address>0xaff</run_address>
         <size>0xce</size>
         <input_file_ref idref="fl-1"/>
      </object_component>
      <object_component id="oc-d2">
         <name>.debug_info</name>
         <load_address>0xbcd</load_address>
         <run_address>0xbcd</run_address>
         <size>0xce</size>
         <input_file_ref idref="fl-1"/>
      </object_component>
      <object_component id="oc-d5">
         <name>.debug_info</name>
         <load_address>0xc9b</load_address>
         <run_address>0xc9b</run_address>
         <size>0xce</size>
         <input_file_ref idref="fl-1"/>
      </object_component>
      <object_component id="oc-d8">
         <name>.debug_info</name>
         <load_address>0xd69</load_address>
         <run_address>0xd69</run_address>
         <size>0xce</size>
         <input_file_ref idref="fl-1"/>
      </object_component>
      <object_component id="oc-db">
         <name>.debug_info</name>
         <load_address>0xe37</load_address>
         <run_address>0xe37</run_address>
         <size>0xd0</size>
         <input_file_ref idref="fl-1"/>
      </object_component>
      <object_component id="oc-de">
         <name>.debug_info</name>
         <load_address>0xf07</load_address>
         <run_address>0xf07</run_address>
         <size>0xd2</size>
         <input_file_ref idref="fl-1"/>
      </object_component>
      <object_component id="oc-e1">
         <name>.debug_info</name>
         <load_address>0xfd9</load_address>
         <run_address>0xfd9</run_address>
         <size>0xd2</size>
         <input_file_ref idref="fl-1"/>
      </object_component>
      <object_component id="oc-e4">
         <name>.debug_info</name>
         <load_address>0x10ab</load_address>
         <run_address>0x10ab</run_address>
         <size>0xd2</size>
         <input_file_ref idref="fl-1"/>
      </object_component>
      <object_component id="oc-e7">
         <name>.debug_info</name>
         <load_address>0x117d</load_address>
         <run_address>0x117d</run_address>
         <size>0xd2</size>
         <input_file_ref idref="fl-1"/>
      </object_component>
      <object_component id="oc-ea">
         <name>.debug_info</name>
         <load_address>0x124f</load_address>
         <run_address>0x124f</run_address>
         <size>0xd2</size>
         <input_file_ref idref="fl-1"/>
      </object_component>
      <object_component id="oc-ed">
         <name>.debug_info</name>
         <load_address>0x1321</load_address>
         <run_address>0x1321</run_address>
         <size>0xd2</size>
         <input_file_ref idref="fl-1"/>
      </object_component>
      <object_component id="oc-f0">
         <name>.debug_info</name>
         <load_address>0x13f3</load_address>
         <run_address>0x13f3</run_address>
         <size>0xd2</size>
         <input_file_ref idref="fl-1"/>
      </object_component>
      <object_component id="oc-f3">
         <name>.debug_info</name>
         <load_address>0x14c5</load_address>
         <run_address>0x14c5</run_address>
         <size>0xd2</size>
         <input_file_ref idref="fl-1"/>
      </object_component>
      <object_component id="oc-f6">
         <name>.debug_info</name>
         <load_address>0x1597</load_address>
         <run_address>0x1597</run_address>
         <size>0xd2</size>
         <input_file_ref idref="fl-1"/>
      </object_component>
      <object_component id="oc-f9">
         <name>.debug_info</name>
         <load_address>0x1669</load_address>
         <run_address>0x1669</run_address>
         <size>0xd2</size>
         <input_file_ref idref="fl-1"/>
      </object_component>
      <object_component id="oc-fc">
         <name>.debug_info</name>
         <load_address>0x173b</load_address>
         <run_address>0x173b</run_address>
         <size>0xd2</size>
         <input_file_ref idref="fl-1"/>
      </object_component>
      <object_component id="oc-ff">
         <name>.debug_info</name>
         <load_address>0x180d</load_address>
         <run_address>0x180d</run_address>
         <size>0xd2</size>
         <input_file_ref idref="fl-1"/>
      </object_component>
      <object_component id="oc-102">
         <name>.debug_info</name>
         <load_address>0x18df</load_address>
         <run_address>0x18df</run_address>
         <size>0xd2</size>
         <input_file_ref idref="fl-1"/>
      </object_component>
      <object_component id="oc-105">
         <name>.debug_info</name>
         <load_address>0x19b1</load_address>
         <run_address>0x19b1</run_address>
         <size>0xd2</size>
         <input_file_ref idref="fl-1"/>
      </object_component>
      <object_component id="oc-108">
         <name>.debug_info</name>
         <load_address>0x1a83</load_address>
         <run_address>0x1a83</run_address>
         <size>0xd2</size>
         <input_file_ref idref="fl-1"/>
      </object_component>
      <object_component id="oc-10b">
         <name>.debug_info</name>
         <load_address>0x1b55</load_address>
         <run_address>0x1b55</run_address>
         <size>0xd2</size>
         <input_file_ref idref="fl-1"/>
      </object_component>
      <object_component id="oc-10e">
         <name>.debug_info</name>
         <load_address>0x1c27</load_address>
         <run_address>0x1c27</run_address>
         <size>0xd2</size>
         <input_file_ref idref="fl-1"/>
      </object_component>
      <object_component id="oc-111">
         <name>.debug_info</name>
         <load_address>0x1cf9</load_address>
         <run_address>0x1cf9</run_address>
         <size>0xd2</size>
         <input_file_ref idref="fl-1"/>
      </object_component>
      <object_component id="oc-114">
         <name>.debug_info</name>
         <load_address>0x1dcb</load_address>
         <run_address>0x1dcb</run_address>
         <size>0xd2</size>
         <input_file_ref idref="fl-1"/>
      </object_component>
      <object_component id="oc-118">
         <name>.debug_info</name>
         <load_address>0x1e9d</load_address>
         <run_address>0x1e9d</run_address>
         <size>0xd2</size>
         <input_file_ref idref="fl-1"/>
      </object_component>
      <object_component id="oc-11b">
         <name>.debug_info</name>
         <load_address>0x1f6f</load_address>
         <run_address>0x1f6f</run_address>
         <size>0xd2</size>
         <input_file_ref idref="fl-1"/>
      </object_component>
      <object_component id="oc-11e">
         <name>.debug_info</name>
         <load_address>0x2041</load_address>
         <run_address>0x2041</run_address>
         <size>0xd2</size>
         <input_file_ref idref="fl-1"/>
      </object_component>
      <object_component id="oc-121">
         <name>.debug_info</name>
         <load_address>0x2113</load_address>
         <run_address>0x2113</run_address>
         <size>0xd2</size>
         <input_file_ref idref="fl-1"/>
      </object_component>
      <object_component id="oc-124">
         <name>.debug_info</name>
         <load_address>0x21e5</load_address>
         <run_address>0x21e5</run_address>
         <size>0xd2</size>
         <input_file_ref idref="fl-1"/>
      </object_component>
      <object_component id="oc-127">
         <name>.debug_info</name>
         <load_address>0x22b7</load_address>
         <run_address>0x22b7</run_address>
         <size>0xd2</size>
         <input_file_ref idref="fl-1"/>
      </object_component>
      <object_component id="oc-12a">
         <name>.debug_info</name>
         <load_address>0x2389</load_address>
         <run_address>0x2389</run_address>
         <size>0xd2</size>
         <input_file_ref idref="fl-1"/>
      </object_component>
      <object_component id="oc-12d">
         <name>.debug_info</name>
         <load_address>0x245b</load_address>
         <run_address>0x245b</run_address>
         <size>0xd2</size>
         <input_file_ref idref="fl-1"/>
      </object_component>
      <object_component id="oc-130">
         <name>.debug_info</name>
         <load_address>0x252d</load_address>
         <run_address>0x252d</run_address>
         <size>0xd2</size>
         <input_file_ref idref="fl-1"/>
      </object_component>
      <object_component id="oc-133">
         <name>.debug_info</name>
         <load_address>0x25ff</load_address>
         <run_address>0x25ff</run_address>
         <size>0xd2</size>
         <input_file_ref idref="fl-1"/>
      </object_component>
      <object_component id="oc-136">
         <name>.debug_info</name>
         <load_address>0x26d1</load_address>
         <run_address>0x26d1</run_address>
         <size>0xd2</size>
         <input_file_ref idref="fl-1"/>
      </object_component>
      <object_component id="oc-139">
         <name>.debug_info</name>
         <load_address>0x27a3</load_address>
         <run_address>0x27a3</run_address>
         <size>0xd2</size>
         <input_file_ref idref="fl-1"/>
      </object_component>
      <object_component id="oc-13c">
         <name>.debug_info</name>
         <load_address>0x2875</load_address>
         <run_address>0x2875</run_address>
         <size>0xd2</size>
         <input_file_ref idref="fl-1"/>
      </object_component>
      <object_component id="oc-13f">
         <name>.debug_info</name>
         <load_address>0x2947</load_address>
         <run_address>0x2947</run_address>
         <size>0xd2</size>
         <input_file_ref idref="fl-1"/>
      </object_component>
      <object_component id="oc-142">
         <name>.debug_info</name>
         <load_address>0x2a19</load_address>
         <run_address>0x2a19</run_address>
         <size>0xd2</size>
         <input_file_ref idref="fl-1"/>
      </object_component>
      <object_component id="oc-145">
         <name>.debug_info</name>
         <load_address>0x2aeb</load_address>
         <run_address>0x2aeb</run_address>
         <size>0xd2</size>
         <input_file_ref idref="fl-1"/>
      </object_component>
      <object_component id="oc-148">
         <name>.debug_info</name>
         <load_address>0x2bbd</load_address>
         <run_address>0x2bbd</run_address>
         <size>0xd2</size>
         <input_file_ref idref="fl-1"/>
      </object_component>
      <object_component id="oc-14b">
         <name>.debug_info</name>
         <load_address>0x2c8f</load_address>
         <run_address>0x2c8f</run_address>
         <size>0xd2</size>
         <input_file_ref idref="fl-1"/>
      </object_component>
      <object_component id="oc-14e">
         <name>.debug_info</name>
         <load_address>0x2d61</load_address>
         <run_address>0x2d61</run_address>
         <size>0xd2</size>
         <input_file_ref idref="fl-1"/>
      </object_component>
      <object_component id="oc-151">
         <name>.debug_info</name>
         <load_address>0x2e33</load_address>
         <run_address>0x2e33</run_address>
         <size>0xd2</size>
         <input_file_ref idref="fl-1"/>
      </object_component>
      <object_component id="oc-154">
         <name>.debug_info</name>
         <load_address>0x2f05</load_address>
         <run_address>0x2f05</run_address>
         <size>0xd2</size>
         <input_file_ref idref="fl-1"/>
      </object_component>
      <object_component id="oc-71">
         <name>.debug_info</name>
         <load_address>0x2fd7</load_address>
         <run_address>0x2fd7</run_address>
         <size>0x2ac2</size>
         <input_file_ref idref="fl-1"/>
      </object_component>
      <object_component id="oc-20a">
         <name>.debug_info</name>
         <load_address>0x5a99</load_address>
         <run_address>0x5a99</run_address>
         <size>0x37e2</size>
         <input_file_ref idref="fl-1"/>
      </object_component>
      <object_component id="oc-203">
         <name>.debug_info</name>
         <load_address>0x927b</load_address>
         <run_address>0x927b</run_address>
         <size>0x1055</size>
         <input_file_ref idref="fl-1"/>
      </object_component>
      <object_component id="oc-187">
         <name>.debug_info</name>
         <load_address>0xa2d0</load_address>
         <run_address>0xa2d0</run_address>
         <size>0x26b</size>
         <input_file_ref idref="fl-1"/>
      </object_component>
      <object_component id="oc-15c">
         <name>.debug_info</name>
         <load_address>0xa53b</load_address>
         <run_address>0xa53b</run_address>
         <size>0x184</size>
         <input_file_ref idref="fl-1"/>
      </object_component>
      <object_component id="oc-32">
         <name>.debug_info</name>
         <load_address>0xa6bf</load_address>
         <run_address>0xa6bf</run_address>
         <size>0x84</size>
         <input_file_ref idref="fl-1"/>
      </object_component>
      <object_component id="oc-271">
         <name>.debug_info</name>
         <load_address>0xa743</load_address>
         <run_address>0xa743</run_address>
         <size>0x2a4</size>
         <input_file_ref idref="fl-1"/>
      </object_component>
      <object_component id="oc-157">
         <name>.debug_info</name>
         <load_address>0xa9e7</load_address>
         <run_address>0xa9e7</run_address>
         <size>0xbb</size>
         <input_file_ref idref="fl-1"/>
      </object_component>
      <object_component id="oc-297">
         <name>.debug_info</name>
         <load_address>0xaaa2</load_address>
         <run_address>0xaaa2</run_address>
         <size>0x2c</size>
         <input_file_ref idref="fl-1"/>
      </object_component>
      <object_component id="oc-bc">
         <name>.debug_info</name>
         <load_address>0xaace</load_address>
         <run_address>0xaace</run_address>
         <size>0xa55</size>
         <input_file_ref idref="fl-2"/>
      </object_component>
      <object_component id="oc-177">
         <name>.debug_info</name>
         <load_address>0xb523</load_address>
         <run_address>0xb523</run_address>
         <size>0x156</size>
         <input_file_ref idref="fl-2"/>
      </object_component>
      <object_component id="oc-168">
         <name>.debug_info</name>
         <load_address>0xb679</load_address>
         <run_address>0xb679</run_address>
         <size>0xc9</size>
         <input_file_ref idref="fl-2"/>
      </object_component>
      <object_component id="oc-16b">
         <name>.debug_info</name>
         <load_address>0xb742</load_address>
         <run_address>0xb742</run_address>
         <size>0xc9</size>
         <input_file_ref idref="fl-2"/>
      </object_component>
      <object_component id="oc-16e">
         <name>.debug_info</name>
         <load_address>0xb80b</load_address>
         <run_address>0xb80b</run_address>
         <size>0xc9</size>
         <input_file_ref idref="fl-2"/>
      </object_component>
      <object_component id="oc-171">
         <name>.debug_info</name>
         <load_address>0xb8d4</load_address>
         <run_address>0xb8d4</run_address>
         <size>0xc9</size>
         <input_file_ref idref="fl-2"/>
      </object_component>
      <object_component id="oc-174">
         <name>.debug_info</name>
         <load_address>0xb99d</load_address>
         <run_address>0xb99d</run_address>
         <size>0xc9</size>
         <input_file_ref idref="fl-2"/>
      </object_component>
      <object_component id="oc-75">
         <name>.debug_info</name>
         <load_address>0xba66</load_address>
         <run_address>0xba66</run_address>
         <size>0xeb7</size>
         <input_file_ref idref="fl-2"/>
      </object_component>
      <object_component id="oc-1fe">
         <name>.debug_info</name>
         <load_address>0xc91d</load_address>
         <run_address>0xc91d</run_address>
         <size>0x37e2</size>
         <input_file_ref idref="fl-2"/>
      </object_component>
      <object_component id="oc-180">
         <name>.debug_info</name>
         <load_address>0x100ff</load_address>
         <run_address>0x100ff</run_address>
         <size>0x55</size>
         <input_file_ref idref="fl-2"/>
      </object_component>
      <object_component id="oc-7b">
         <name>.debug_info</name>
         <load_address>0x10154</load_address>
         <run_address>0x10154</run_address>
         <size>0x2c3</size>
         <input_file_ref idref="fl-3"/>
      </object_component>
      <object_component id="oc-27">
         <name>.debug_info</name>
         <load_address>0x10417</load_address>
         <run_address>0x10417</run_address>
         <size>0xef</size>
         <input_file_ref idref="fl-3"/>
      </object_component>
      <object_component id="oc-68">
         <name>.debug_info</name>
         <load_address>0x10506</load_address>
         <run_address>0x10506</run_address>
         <size>0x1b6</size>
         <input_file_ref idref="fl-3"/>
      </object_component>
      <object_component id="oc-1db">
         <name>.debug_info</name>
         <load_address>0x106bc</load_address>
         <run_address>0x106bc</run_address>
         <size>0xe8</size>
         <input_file_ref idref="fl-4"/>
      </object_component>
      <object_component id="oc-ac">
         <name>.debug_info</name>
         <load_address>0x107a4</load_address>
         <run_address>0x107a4</run_address>
         <size>0x25a</size>
         <input_file_ref idref="fl-4"/>
      </object_component>
      <object_component id="oc-360">
         <name>.debug_info</name>
         <load_address>0x109fe</load_address>
         <run_address>0x109fe</run_address>
         <size>0x395</size>
         <input_file_ref idref="fl-a"/>
      </object_component>
      <object_component id="oc-162">
         <name>.debug_info</name>
         <load_address>0x10d93</load_address>
         <run_address>0x10d93</run_address>
         <size>0x181</size>
         <input_file_ref idref="fl-a"/>
      </object_component>
      <object_component id="oc-3f1">
         <name>.debug_info</name>
         <load_address>0x10f14</load_address>
         <run_address>0x10f14</run_address>
         <size>0x37cd</size>
         <input_file_ref idref="fl-a"/>
      </object_component>
      <object_component id="oc-2dd">
         <name>.debug_info</name>
         <load_address>0x146e1</load_address>
         <run_address>0x146e1</run_address>
         <size>0x1055</size>
         <input_file_ref idref="fl-a"/>
      </object_component>
      <object_component id="oc-1f4">
         <name>.debug_info</name>
         <load_address>0x15736</load_address>
         <run_address>0x15736</run_address>
         <size>0x18b</size>
         <input_file_ref idref="fl-a"/>
      </object_component>
      <object_component id="oc-1f9">
         <name>.debug_info</name>
         <load_address>0x158c1</load_address>
         <run_address>0x158c1</run_address>
         <size>0x689</size>
         <input_file_ref idref="fl-b"/>
      </object_component>
      <object_component id="oc-1e5">
         <name>.debug_info</name>
         <load_address>0x15f4a</load_address>
         <run_address>0x15f4a</run_address>
         <size>0x19a</size>
         <input_file_ref idref="fl-b"/>
      </object_component>
      <object_component id="oc-1ee">
         <name>.debug_info</name>
         <load_address>0x160e4</load_address>
         <run_address>0x160e4</run_address>
         <size>0xc6</size>
         <input_file_ref idref="fl-b"/>
      </object_component>
      <object_component id="oc-1f1">
         <name>.debug_info</name>
         <load_address>0x161aa</load_address>
         <run_address>0x161aa</run_address>
         <size>0xc6</size>
         <input_file_ref idref="fl-b"/>
      </object_component>
      <object_component id="oc-b5">
         <name>.debug_info</name>
         <load_address>0x16270</load_address>
         <run_address>0x16270</run_address>
         <size>0x1818</size>
         <input_file_ref idref="fl-b"/>
      </object_component>
      <object_component id="oc-2d8">
         <name>.debug_info</name>
         <load_address>0x17a88</load_address>
         <run_address>0x17a88</run_address>
         <size>0x37cd</size>
         <input_file_ref idref="fl-b"/>
      </object_component>
      <object_component id="oc-1e1">
         <name>.debug_info</name>
         <load_address>0x1b255</load_address>
         <run_address>0x1b255</run_address>
         <size>0x28b</size>
         <input_file_ref idref="fl-c"/>
      </object_component>
      <object_component id="oc-2d1">
         <name>.debug_info</name>
         <load_address>0x1b4e0</load_address>
         <run_address>0x1b4e0</run_address>
         <size>0x1f1</size>
         <input_file_ref idref="fl-d"/>
      </object_component>
      <object_component id="oc-2c5">
         <name>.debug_info</name>
         <load_address>0x1b6d1</load_address>
         <run_address>0x1b6d1</run_address>
         <size>0xce</size>
         <input_file_ref idref="fl-d"/>
      </object_component>
      <object_component id="oc-2cb">
         <name>.debug_info</name>
         <load_address>0x1b79f</load_address>
         <run_address>0x1b79f</run_address>
         <size>0xd0</size>
         <input_file_ref idref="fl-d"/>
      </object_component>
      <object_component id="oc-2c8">
         <name>.debug_info</name>
         <load_address>0x1b86f</load_address>
         <run_address>0x1b86f</run_address>
         <size>0xd2</size>
         <input_file_ref idref="fl-d"/>
      </object_component>
      <object_component id="oc-2c2">
         <name>.debug_info</name>
         <load_address>0x1b941</load_address>
         <run_address>0x1b941</run_address>
         <size>0x15d</size>
         <input_file_ref idref="fl-d"/>
      </object_component>
      <object_component id="oc-2ce">
         <name>.debug_info</name>
         <load_address>0x1ba9e</load_address>
         <run_address>0x1ba9e</run_address>
         <size>0xe7</size>
         <input_file_ref idref="fl-d"/>
      </object_component>
      <object_component id="oc-1e8">
         <name>.debug_info</name>
         <load_address>0x1bb85</load_address>
         <run_address>0x1bb85</run_address>
         <size>0x1a6f</size>
         <input_file_ref idref="fl-d"/>
      </object_component>
      <object_component id="oc-296">
         <name>.debug_info</name>
         <load_address>0x1d5f4</load_address>
         <run_address>0x1d5f4</run_address>
         <size>0x333</size>
         <input_file_ref idref="fl-c3"/>
      </object_component>
      <object_component id="oc-17d">
         <name>.debug_info</name>
         <load_address>0x1d927</load_address>
         <run_address>0x1d927</run_address>
         <size>0x1d1</size>
         <input_file_ref idref="fl-c3"/>
      </object_component>
      <object_component id="oc-28d">
         <name>.debug_info</name>
         <load_address>0x1daf8</load_address>
         <run_address>0x1daf8</run_address>
         <size>0x18d</size>
         <input_file_ref idref="fl-c3"/>
      </object_component>
      <object_component id="oc-293">
         <name>.debug_info</name>
         <load_address>0x1dc85</load_address>
         <run_address>0x1dc85</run_address>
         <size>0x16d</size>
         <input_file_ref idref="fl-c3"/>
      </object_component>
      <object_component id="oc-3d1">
         <name>.debug_info</name>
         <load_address>0x1ddf2</load_address>
         <run_address>0x1ddf2</run_address>
         <size>0x2c</size>
         <input_file_ref idref="fl-c3"/>
      </object_component>
      <object_component id="oc-38">
         <name>.debug_info</name>
         <load_address>0x1de1e</load_address>
         <run_address>0x1de1e</run_address>
         <size>0x119</size>
         <input_file_ref idref="fl-c4"/>
      </object_component>
      <object_component id="oc-94">
         <name>.debug_info</name>
         <load_address>0x1df37</load_address>
         <run_address>0x1df37</run_address>
         <size>0x147</size>
         <input_file_ref idref="fl-c5"/>
      </object_component>
      <object_component id="oc-92">
         <name>.debug_info</name>
         <load_address>0x1e07e</load_address>
         <run_address>0x1e07e</run_address>
         <size>0x2d4</size>
         <input_file_ref idref="fl-c6"/>
      </object_component>
      <object_component id="oc-4a">
         <name>.debug_info</name>
         <load_address>0x1e352</load_address>
         <run_address>0x1e352</run_address>
         <size>0x1b5</size>
         <input_file_ref idref="fl-c6"/>
      </object_component>
      <object_component id="oc-8d">
         <name>.debug_info</name>
         <load_address>0x1e507</load_address>
         <run_address>0x1e507</run_address>
         <size>0x46</size>
         <input_file_ref idref="fl-c6"/>
      </object_component>
      <object_component id="oc-193">
         <name>.debug_info</name>
         <load_address>0x1e54d</load_address>
         <run_address>0x1e54d</run_address>
         <size>0x2c</size>
         <input_file_ref idref="fl-c6"/>
      </object_component>
      <object_component id="oc-42">
         <name>.debug_info</name>
         <load_address>0x1e579</load_address>
         <run_address>0x1e579</run_address>
         <size>0x2a8</size>
         <input_file_ref idref="fl-c7"/>
      </object_component>
      <object_component id="oc-1e">
         <name>.debug_info</name>
         <load_address>0x1e821</load_address>
         <run_address>0x1e821</run_address>
         <size>0x1ea</size>
         <input_file_ref idref="fl-c7"/>
      </object_component>
      <object_component id="oc-3d">
         <name>.debug_info</name>
         <load_address>0x1ea0b</load_address>
         <run_address>0x1ea0b</run_address>
         <size>0x46</size>
         <input_file_ref idref="fl-c7"/>
      </object_component>
      <object_component id="oc-85">
         <name>.debug_info</name>
         <load_address>0x1ea51</load_address>
         <run_address>0x1ea51</run_address>
         <size>0x2c</size>
         <input_file_ref idref="fl-c7"/>
      </object_component>
      <object_component id="oc-83">
         <name>.debug_info</name>
         <load_address>0x1ea7d</load_address>
         <run_address>0x1ea7d</run_address>
         <size>0x29e</size>
         <input_file_ref idref="fl-c8"/>
      </object_component>
      <object_component id="oc-18">
         <name>.debug_info</name>
         <load_address>0x1ed1b</load_address>
         <run_address>0x1ed1b</run_address>
         <size>0x250</size>
         <input_file_ref idref="fl-c8"/>
      </object_component>
      <object_component id="oc-2d">
         <name>.debug_info</name>
         <load_address>0x1ef6b</load_address>
         <run_address>0x1ef6b</run_address>
         <size>0x60</size>
         <input_file_ref idref="fl-c8"/>
      </object_component>
      <object_component id="oc-18c">
         <name>.debug_info</name>
         <load_address>0x1efcb</load_address>
         <run_address>0x1efcb</run_address>
         <size>0x46</size>
         <input_file_ref idref="fl-c8"/>
      </object_component>
      <object_component id="oc-7e">
         <name>.debug_info</name>
         <load_address>0x1f011</load_address>
         <run_address>0x1f011</run_address>
         <size>0x39</size>
         <input_file_ref idref="fl-c8"/>
      </object_component>
      <object_component id="oc-2a">
         <name>.debug_info</name>
         <load_address>0x1f04a</load_address>
         <run_address>0x1f04a</run_address>
         <size>0x10b</size>
         <input_file_ref idref="fl-c9"/>
      </object_component>
      <object_component id="oc-59">
         <name>.debug_info</name>
         <load_address>0x1f155</load_address>
         <run_address>0x1f155</run_address>
         <size>0x1a9</size>
         <input_file_ref idref="fl-c9"/>
      </object_component>
      <object_component id="oc-324">
         <name>.debug_info</name>
         <load_address>0x1f2fe</load_address>
         <run_address>0x1f2fe</run_address>
         <size>0x590</size>
         <input_file_ref idref="fl-ca"/>
      </object_component>
      <object_component id="oc-2f1">
         <name>.debug_info</name>
         <load_address>0x1f88e</load_address>
         <run_address>0x1f88e</run_address>
         <size>0x21e</size>
         <input_file_ref idref="fl-ca"/>
      </object_component>
      <object_component id="oc-396">
         <name>.debug_info</name>
         <load_address>0x1faac</load_address>
         <run_address>0x1faac</run_address>
         <size>0x1b3</size>
         <input_file_ref idref="fl-ca"/>
      </object_component>
      <object_component id="oc-39c">
         <name>.debug_info</name>
         <load_address>0x1fc5f</load_address>
         <run_address>0x1fc5f</run_address>
         <size>0x21b</size>
         <input_file_ref idref="fl-ca"/>
      </object_component>
      <object_component id="oc-2fc">
         <name>.debug_info</name>
         <load_address>0x1fe7a</load_address>
         <run_address>0x1fe7a</run_address>
         <size>0x3c0</size>
         <input_file_ref idref="fl-ca"/>
      </object_component>
      <object_component id="oc-3a3">
         <name>.debug_info</name>
         <load_address>0x2023a</load_address>
         <run_address>0x2023a</run_address>
         <size>0x30a</size>
         <input_file_ref idref="fl-ca"/>
      </object_component>
      <object_component id="oc-3a9">
         <name>.debug_info</name>
         <load_address>0x20544</load_address>
         <run_address>0x20544</run_address>
         <size>0x215</size>
         <input_file_ref idref="fl-ca"/>
      </object_component>
      <object_component id="oc-302">
         <name>.debug_info</name>
         <load_address>0x20759</load_address>
         <run_address>0x20759</run_address>
         <size>0x215</size>
         <input_file_ref idref="fl-ca"/>
      </object_component>
      <object_component id="oc-308">
         <name>.debug_info</name>
         <load_address>0x2096e</load_address>
         <run_address>0x2096e</run_address>
         <size>0x304</size>
         <input_file_ref idref="fl-ca"/>
      </object_component>
      <object_component id="oc-30e">
         <name>.debug_info</name>
         <load_address>0x20c72</load_address>
         <run_address>0x20c72</run_address>
         <size>0x4b5</size>
         <input_file_ref idref="fl-ca"/>
      </object_component>
      <object_component id="oc-286">
         <name>.debug_info</name>
         <load_address>0x21127</load_address>
         <run_address>0x21127</run_address>
         <size>0x5f4</size>
         <input_file_ref idref="fl-ca"/>
      </object_component>
      <object_component id="oc-325">
         <name>.debug_info</name>
         <load_address>0x2171b</load_address>
         <run_address>0x2171b</run_address>
         <size>0x86</size>
         <input_file_ref idref="fl-ca"/>
      </object_component>
      <object_component id="oc-3d6">
         <name>.debug_info</name>
         <load_address>0x217a1</load_address>
         <run_address>0x217a1</run_address>
         <size>0x39</size>
         <input_file_ref idref="fl-ca"/>
      </object_component>
      <object_component id="oc-42d">
         <name>.debug_info</name>
         <load_address>0x217da</load_address>
         <run_address>0x217da</run_address>
         <size>0xb6</size>
         <input_file_ref idref="fl-ca"/>
      </object_component>
      <object_component id="oc-3db">
         <name>.debug_info</name>
         <load_address>0x21890</load_address>
         <run_address>0x21890</run_address>
         <size>0x46</size>
         <input_file_ref idref="fl-ca"/>
      </object_component>
      <object_component id="oc-32a">
         <name>.debug_info</name>
         <load_address>0x218d6</load_address>
         <run_address>0x218d6</run_address>
         <size>0x46</size>
         <input_file_ref idref="fl-ca"/>
      </object_component>
      <object_component id="oc-410">
         <name>.debug_info</name>
         <load_address>0x2191c</load_address>
         <run_address>0x2191c</run_address>
         <size>0x295</size>
         <input_file_ref idref="fl-cb"/>
      </object_component>
      <object_component id="oc-3b0">
         <name>.debug_info</name>
         <load_address>0x21bb1</load_address>
         <run_address>0x21bb1</run_address>
         <size>0x195</size>
         <input_file_ref idref="fl-cb"/>
      </object_component>
      <object_component id="oc-439">
         <name>.debug_info</name>
         <load_address>0x21d46</load_address>
         <run_address>0x21d46</run_address>
         <size>0x39</size>
         <input_file_ref idref="fl-cb"/>
      </object_component>
      <object_component id="oc-411">
         <name>.debug_info</name>
         <load_address>0x21d7f</load_address>
         <run_address>0x21d7f</run_address>
         <size>0x2c</size>
         <input_file_ref idref="fl-cb"/>
      </object_component>
      <object_component id="oc-41d">
         <name>.debug_info</name>
         <load_address>0x21dab</load_address>
         <run_address>0x21dab</run_address>
         <size>0x2f8</size>
         <input_file_ref idref="fl-cc"/>
      </object_component>
      <object_component id="oc-3b5">
         <name>.debug_info</name>
         <load_address>0x220a3</load_address>
         <run_address>0x220a3</run_address>
         <size>0x225</size>
         <input_file_ref idref="fl-cc"/>
      </object_component>
      <object_component id="oc-3c9">
         <name>.debug_info</name>
         <load_address>0x222c8</load_address>
         <run_address>0x222c8</run_address>
         <size>0x28f</size>
         <input_file_ref idref="fl-cd"/>
      </object_component>
      <object_component id="oc-318">
         <name>.debug_info</name>
         <load_address>0x22557</load_address>
         <run_address>0x22557</run_address>
         <size>0x15a</size>
         <input_file_ref idref="fl-cd"/>
      </object_component>
      <object_component id="oc-422">
         <name>.debug_info</name>
         <load_address>0x226b1</load_address>
         <run_address>0x226b1</run_address>
         <size>0x46</size>
         <input_file_ref idref="fl-cd"/>
      </object_component>
      <object_component id="oc-3c4">
         <name>.debug_info</name>
         <load_address>0x226f7</load_address>
         <run_address>0x226f7</run_address>
         <size>0x39</size>
         <input_file_ref idref="fl-cd"/>
      </object_component>
      <object_component id="oc-38f">
         <name>.debug_info</name>
         <load_address>0x22730</load_address>
         <run_address>0x22730</run_address>
         <size>0x14c</size>
         <input_file_ref idref="fl-ce"/>
      </object_component>
      <object_component id="oc-2f7">
         <name>.debug_info</name>
         <load_address>0x2287c</load_address>
         <run_address>0x2287c</run_address>
         <size>0x128</size>
         <input_file_ref idref="fl-cf"/>
      </object_component>
[...]
      </symbol>
      <symbol id="sm-4b2">
         <name>halLcdDrawImageLut</name>
         <value>0x349d</value>
         <object_component_ref idref="oc-b2"/>
      </symbol>
      <symbol id="sm-4b3">
         <name>Color_Texto_Inv</name>
         <value>0x20000410</value>
         <object_component_ref idref="oc-1e4"/>
      </symbol>
      <symbol id="sm-4b4">
         <name>setArea</name>
         <value>0x2d7d</value>
         <object_component_ref idref="oc-b2"/>
      </symbol>
      <symbol id="sm-4b5">
         <name>Color_Fondo</name>
         <value>0x2000040a</value>
         <object_component_ref idref="oc-1e4"/>
      </symbol>
      <symbol id="sm-4b6">
         <name>getLinea</name>
         <value>0x2c67</value>
         <object_component_ref idref="oc-b2"/>
      </symbol>
      <symbol id="sm-4b7">
         <name>initLCD</name>
         <value>0x2edd</value>
         <object_component_ref idref="oc-b2"/>
      </symbol>
      <symbol id="sm-4d6">
         <name>writeData</name>
         <value>0x46d9</value>
         <object_component_ref idref="oc-1de"/>
      </symbol>
      <symbol id="sm-4d7">
         <name>writeCommand</name>
         <value>0x46ff</value>
         <object_component_ref idref="oc-1de"/>
      </symbol>
      <symbol id="sm-4d8">
         <name>delay</name>
         <value>0x4725</value>
         <object_component_ref idref="oc-1de"/>
      </symbol>
      <symbol id="sm-4d9">
         <name>init_spi_lcd_tactil</name>
         <value>0x4601</value>
         <object_component_ref idref="oc-1de"/>
      </symbol>
      <symbol id="sm-5a4">
         <name>drawCharLgBkg</name>
         <value>0x16a9</value>
         <object_component_ref idref="oc-1e7"/>
      </symbol>
      <symbol id="sm-5a5">
         <name>drawPixel</name>
         <value>0x1317</value>
         <object_component_ref idref="oc-1e7"/>
      </symbol>
      <symbol id="sm-5a6">
         <name>drawImageMono</name>
         <value>0x1ac3</value>
         <object_component_ref idref="oc-1e7"/>
      </symbol>
      <symbol id="sm-5a7">
         <name>setColor</name>
         <value>0x11c5</value>
         <object_component_ref idref="oc-1e7"/>
      </symbol>
      <symbol id="sm-5a8">
         <name>bgColorHighByte</name>
         <value>0x2000041a</value>
         <object_component_ref idref="oc-2c1"/>
      </symbol>
      <symbol id="sm-5a9">
         <name>drawCircle</name>
         <value>0x1e7b</value>
         <object_component_ref idref="oc-1e7"/>
      </symbol>
      <symbol id="sm-5aa">
         <name>drawImageLut</name>
         <value>0x19b5</value>
         <object_component_ref idref="oc-1e7"/>
      </symbol>
      <symbol id="sm-5ab">
         <name>drawImage</name>
         <value>0x199d</value>
         <object_component_ref idref="oc-1e7"/>
      </symbol>
      <symbol id="sm-5ac">
         <name>font_11x16</name>
         <value>0x55d0</value>
         <object_component_ref idref="oc-2c7"/>
      </symbol>
      <symbol id="sm-5ad">
         <name>drawLine</name>
         <value>0x1c21</value>
         <object_component_ref idref="oc-1e7"/>
      </symbol>
      <symbol id="sm-5ae">
         <name>font_8x12</name>
         <value>0x5dfa</value>
         <object_component_ref idref="oc-2ca"/>
      </symbol>
      <symbol id="sm-5af">
         <name>drawCharMd</name>
         <value>0x178d</value>
         <object_component_ref idref="oc-1e7"/>
      </symbol>
      <symbol id="sm-5b0">
         <name>drawCharSmBkg</name>
         <value>0x1527</value>
         <object_component_ref idref="oc-1e7"/>
      </symbol>
      <symbol id="sm-5b1">
         <name>drawCharLg</name>
         <value>0x1601</value>
         <object_component_ref idref="oc-1e7"/>
      </symbol>
      <symbol id="sm-5b2">
         <name>drawCharSm</name>
         <value>0x1481</value>
         <object_component_ref idref="oc-1e7"/>
      </symbol>
      <symbol id="sm-5b3">
         <name>drawLogicLine</name>
         <value>0x1ae1</value>
         <object_component_ref idref="oc-1e7"/>
      </symbol>
      <symbol id="sm-5b4">
         <name>setBackgroundColor</name>
         <value>0x11e3</value>
         <object_component_ref idref="oc-1e7"/>
      </symbol>
      <symbol id="sm-5b5">
         <name>clearScreenBkg</name>
         <value>0x128f</value>
         <object_component_ref idref="oc-1e7"/>
      </symbol>
      <symbol id="sm-5b6">
         <name>fillCircle</name>
         <value>0x2099</value>
         <object_component_ref idref="oc-1e7"/>
      </symbol>
      <symbol id="sm-5b7">
         <name>fillRect</name>
         <value>0x1ffb</value>
         <object_component_ref idref="oc-1e7"/>
      </symbol>
      <symbol id="sm-5b8">
         <name>drawString</name>
         <value>0x1347</value>
         <object_component_ref idref="oc-1e7"/>
      </symbol>
      <symbol id="sm-5b9">
         <name>clearScreen</name>
         <value>0x1201</value>
         <object_component_ref idref="oc-1e7"/>
      </symbol>
      <symbol id="sm-5ba">
         <name>colorLowByte</name>
         <value>0x20000417</value>
         <object_component_ref idref="oc-2c1"/>
      </symbol>
      <symbol id="sm-5bb">
         <name>drawCharMdBkg</name>
         <value>0x183b</value>
         <object_component_ref idref="oc-1e7"/>
      </symbol>
      <symbol id="sm-5bc">
         <name>font_5x7</name>
         <value>0x626e</value>
         <object_component_ref idref="oc-2c4"/>
      </symbol>
      <symbol id="sm-5bd">
         <name>drawRect</name>
         <value>0x1e17</value>
         <object_component_ref idref="oc-1e7"/>
      </symbol>
      <symbol id="sm-5be">
         <name>colorHighByte</name>
         <value>0x20000418</value>
         <object_component_ref idref="oc-2c1"/>
      </symbol>
      <symbol id="sm-5bf">
         <name>bgColorLowByte</name>
         <value>0x20000419</value>
         <object_component_ref idref="oc-2c1"/>
      </symbol>
      <symbol id="sm-5e6">
         <name>sprintf</name>
         <value>0x5421</value>
         <object_component_ref idref="oc-179"/>
      </symbol>
      <symbol id="sm-601">
         <name>memcpy</name>
         <value>0x4ddf</value>
         <object_component_ref idref="oc-37"/>
      </symbol>
      <symbol id="sm-602">
         <name>__aeabi_memcpy</name>
         <value>0x4ddf</value>
         <object_component_ref idref="oc-37"/>
      </symbol>
      <symbol id="sm-603">
         <name>__aeabi_memcpy8</name>
         <value>0x4ddf</value>
         <object_component_ref idref="oc-37"/>
      </symbol>
      <symbol id="sm-604">
         <name>__aeabi_memcpy4</name>
         <value>0x4ddf</value>
         <object_component_ref idref="oc-37"/>
      </symbol>
      <symbol id="sm-613">
         <name>__aeabi_memset</name>
         <value>0x501f</value>
         <object_component_ref idref="oc-93"/>
      </symbol>
      <symbol id="sm-614">
         <name>memset</name>
         <value>0x5025</value>
         <object_component_ref idref="oc-93"/>
      </symbol>
      <symbol id="sm-615">
         <name>__aeabi_memset8</name>
         <value>0x501f</value>
         <object_component_ref idref="oc-93"/>
      </symbol>
      <symbol id="sm-616">
         <name>__aeabi_memset4</name>
         <value>0x501f</value>
         <object_component_ref idref="oc-93"/>
      </symbol>
      <symbol id="sm-617">
         <name>__aeabi_memclr8</name>
         <value>0x501d</value>
         <object_component_ref idref="oc-93"/>
      </symbol>
      <symbol id="sm-618">
         <name>__aeabi_memclr4</name>
         <value>0x501d</value>
         <object_component_ref idref="oc-93"/>
      </symbol>
      <symbol id="sm-619">
         <name>__aeabi_memclr</name>
         <value>0x501d</value>
         <object_component_ref idref="oc-93"/>
      </symbol>
      <symbol id="sm-630">
         <name>__TI_zero_init</name>
         <value>0x55a9</value>
         <object_component_ref idref="oc-49"/>
      </symbol>
      <symbol id="sm-647">
         <name>__TI_decompress_none</name>
         <value>0x558d</value>
         <object_component_ref idref="oc-1d"/>
      </symbol>
      <symbol id="sm-66a">
         <name>__TI_decompress_lzss</name>
         <value>0x517f</value>
         <object_component_ref idref="oc-17"/>
      </symbol>
      <symbol id="sm-67d">
         <name>__stack</name>
         <value>0x2000fe00</value>
         <object_component_ref idref="oc-29"/>
      </symbol>
      <symbol id="sm-67e">
         <name>_c_int00_noargs</name>
         <value>0x54a1</value>
         <object_component_ref idref="oc-55"/>
      </symbol>
      <symbol id="sm-7e3">
         <name>__TI_printfi</name>
         <value>0x2211</value>
         <object_component_ref idref="oc-283"/>
      </symbol>
      <symbol id="sm-803">
         <name>frexpl</name>
         <value>0x51e9</value>
         <object_component_ref idref="oc-3ae"/>
      </symbol>
      <symbol id="sm-804">
         <name>frexp</name>
         <value>0x51e9</value>
         <object_component_ref idref="oc-3ae"/>
      </symbol>
      <symbol id="sm-821">
         <name>scalbn</name>
         <value>0x4b21</value>
         <object_component_ref idref="oc-3b4"/>
      </symbol>
      <symbol id="sm-822">
         <name>scalbnl</name>
         <value>0x4b21</value>
         <object_component_ref idref="oc-3b4"/>
      </symbol>
      <symbol id="sm-823">
         <name>ldexpl</name>
         <value>0x4b21</value>
         <object_component_ref idref="oc-3b4"/>
      </symbol>
      <symbol id="sm-824">
         <name>ldexp</name>
         <value>0x4b21</value>
         <object_component_ref idref="oc-3b4"/>
      </symbol>
      <symbol id="sm-83d">
         <name>wcslen</name>
         <value>0x557b</value>
         <object_component_ref idref="oc-317"/>
      </symbol>
      <symbol id="sm-854">
         <name>__aeabi_dsub</name>
         <value>0x4449</value>
         <object_component_ref idref="oc-38e"/>
      </symbol>
      <symbol id="sm-855">
         <name>__aeabi_dadd</name>
         <value>0x4453</value>
         <object_component_ref idref="oc-38e"/>
      </symbol>
      <symbol id="sm-877">
         <name>__aeabi_cdcmpeq</name>
         <value>0x4f11</value>
         <object_component_ref idref="oc-2f4"/>
      </symbol>
      <symbol id="sm-878">
         <name>__aeabi_cdcmple</name>
         <value>0x4f11</value>
         <object_component_ref idref="oc-2f4"/>
      </symbol>
      <symbol id="sm-879">
         <name>__aeabi_cdrcmple</name>
         <value>0x4f97</value>
         <object_component_ref idref="oc-379"/>
      </symbol>
      <symbol id="sm-88d">
         <name>__aeabi_ddiv</name>
         <value>0x48c5</value>
         <object_component_ref idref="oc-374"/>
      </symbol>
      <symbol id="sm-898">
         <name>__aeabi_dmul</name>
         <value>0x4c31</value>
         <object_component_ref idref="oc-36f"/>
      </symbol>
      <symbol id="sm-8a2">
         <name>__aeabi_d2iz</name>
         <value>0x5395</value>
         <object_component_ref idref="oc-37e"/>
      </symbol>
      <symbol id="sm-8ac">
         <name>__aeabi_i2d</name>
         <value>0x54d5</value>
         <object_component_ref idref="oc-389"/>
      </symbol>
      <symbol id="sm-8b9">
         <name>__aeabi_uldivmod</name>
         <value>0x4e7b</value>
         <object_component_ref idref="oc-368"/>
      </symbol>
      <symbol id="sm-8e1">
         <name>__TI_auto_init_nobinit_nopinit</name>
         <value>0x53dd</value>
         <object_component_ref idref="oc-1a8"/>
      </symbol>
      <symbol id="sm-8eb">
         <name>_system_pre_init</name>
         <value>0x55c9</value>
         <object_component_ref idref="oc-99"/>
      </symbol>
      <symbol id="sm-8f7">
         <name>C$$EXIT</name>
         <value>0x55cd</value>
         <object_component_ref idref="oc-19c"/>
      </symbol>
      <symbol id="sm-8f8">
         <name>abort</name>
         <value>0x55cd</value>
         <object_component_ref idref="oc-19c"/>
      </symbol>
      <symbol id="sm-908">
         <name>__TI_ltoa</name>
         <value>0x52a3</value>
         <object_component_ref idref="oc-383"/>
      </symbol>
      <symbol id="sm-91f">
         <name>atoi</name>
         <value>0x5349</value>
         <object_component_ref idref="oc-2e8"/>
      </symbol>
      <symbol id="sm-92a">
         <name>_ctypes_</name>
         <value>0x644e</value>
         <object_component_ref idref="oc-363"/>
      </symbol>
      <symbol id="sm-93a">
         <name>memccpy</name>
         <value>0x5503</value>
         <object_component_ref idref="oc-311"/>
      </symbol>
      <symbol id="sm-94a">
         <name>strchr</name>
         <value>0x5551</value>
         <object_component_ref idref="oc-3ba"/>
      </symbol>
      <symbol id="sm-958">
         <name>strlen</name>
         <value>0x5567</value>
         <object_component_ref idref="oc-2e2"/>
      </symbol>
      <symbol id="sm-96e">
         <name>__aeabi_errno_addr</name>
         <value>0x55c1</value>
         <object_component_ref idref="oc-31d"/>
      </symbol>
      <symbol id="sm-96f">
         <name>errno</name>
         <value>0x2000041c</value>
         <object_component_ref idref="oc-3ca"/>
      </symbol>
      <symbol id="sm-979">
         <name>copysign</name>
         <value>0x551f</value>
         <object_component_ref idref="oc-416"/>
      </symbol>
      <symbol id="sm-97a">
         <name>copysignl</name>
         <value>0x551f</value>
         <object_component_ref idref="oc-416"/>
      </symbol>
      <symbol id="sm-984">
         <name>__aeabi_idiv0</name>
         <value>0x2c5f</value>
         <object_component_ref idref="oc-3fd"/>
      </symbol>
      <symbol id="sm-985">
         <name>__aeabi_ldiv0</name>
         <value>0x2c5f</value>
         <object_component_ref idref="oc-3fd"/>
      </symbol>
      <symbol id="sm-986">
         <name>__TI_static_base__</name>
         <value>0x0</value>
      </symbol>
      <symbol id="sm-989">
         <name>__mpu_init</name>
         <value>0x0</value>
      </symbol>
      <symbol id="sm-98a">
         <name>_system_post_cinit</name>
         <value>0x0</value>
      </symbol>
      <symbol id="sm-98b">
         <name>NMI_Handler</name>
         <value>0x55a7</value>
      </symbol>
      <symbol id="sm-98c">
         <name>HardFault_Handler</name>
         <value>0x55a7</value>
      </symbol>
      <symbol id="sm-98d">
         <name>MemManage_Handler</name>
         <value>0x55a7</value>
      </symbol>
      <symbol id="sm-98e">
         <name>BusFault_Handler</name>
         <value>0x55a7</value>
      </symbol>
      <symbol id="sm-98f">
         <name>UsageFault_Handler</name>
         <value>0x55a7</value>
      </symbol>
      <symbol id="sm-990">
         <name>SVC_Handler</name>
         <value>0x55a7</value>
      </symbol>
      <symbol id="sm-991">
         <name>DebugMon_Handler</name>
         <value>0x55a7</value>
      </symbol>
      <symbol id="sm-992">
         <name>PendSV_Handler</name>
         <value>0x55a7</value>
      </symbol>
      <symbol id="sm-993">
         <name>SysTick_Handler</name>
         <value>0x55a7</value>
      </symbol>
      <symbol id="sm-994">
         <name>PSS_IRQHandler</name>
         <value>0x55a7</value>
      </symbol>
      <symbol id="sm-995">
         <name>CS_IRQHandler</name>
         <value>0x55a7</value>
      </symbol>
      <symbol id="sm-996">
         <name>PCM_IRQHandler</name>
         <value>0x55a7</value>
      </symbol>
      <symbol id="sm-997">
         <name>WDT_A_IRQHandler</name>
         <value>0x55a7</value>
      </symbol>
      <symbol id="sm-998">
         <name>FPU_IRQHandler</name>
         <value>0x55a7</value>
      </symbol>
      <symbol id="sm-999">
         <name>FLCTL_IRQHandler</name>
         <value>0x55a7</value>
      </symbol>
      <symbol id="sm-99a">
         <name>COMP_E0_IRQHandler</name>
         <value>0x55a7</value>
      </symbol>
      <symbol id="sm-99b">
         <name>COMP_E1_IRQHandler</name>
         <value>0x55a7</value>
      </symbol>
      <symbol id="sm-99c">
         <name>TA0_0_IRQHandler</name>
         <value>0x5cd</value>
      </symbol>
      <symbol id="sm-99d">
         <name>TA0_N_IRQHandler</name>
         <value>0x55a7</value>
      </symbol>
      <symbol id="sm-99e">
         <name>TA1_0_IRQHandler</name>
         <value>0xd4f</value>
      </symbol>
      <symbol id="sm-99f">
         <name>TA1_N_IRQHandler</name>
         <value>0x55a7</value>
      </symbol>
      <symbol id="sm-9a0">
         <name>TA2_0_IRQHandler</name>
         <value>0x55a7</value>
      </symbol>
      <symbol id="sm-9a1">
         <name>TA2_N_IRQHandler</name>
         <value>0x55a7</value>
      </symbol>
      <symbol id="sm-9a2">
         <name>TA3_0_IRQHandler</name>
         <value>0x55a7</value>
      </symbol>
      <symbol id="sm-9a3">
         <name>TA3_N_IRQHandler</name>
         <value>0x55a7</value>
      </symbol>
      <symbol id="sm-9a4">
         <name>EUSCIA0_IRQHandler</name>
         <value>0x55a7</value>
      </symbol>
      <symbol id="sm-9a5">
         <name>EUSCIA1_IRQHandler</name>
         <value>0x55a7</value>
      </symbol>
      <symbol id="sm-9a6">
         <name>EUSCIA2_IRQHandler</name>
         <value>0x4bd</value>
      </symbol>
      <symbol id="sm-9a7">
         <name>EUSCIA3_IRQHandler</name>
         <value>0x55a7</value>
      </symbol>
      <symbol id="sm-9a8">
         <name>EUSCIB0_IRQHandler</name>
         <value>0x55a7</value>
      </symbol>
      <symbol id="sm-9a9">
         <name>EUSCIB1_IRQHandler</name>
         <value>0x55a7</value>
      </symbol>
      <symbol id="sm-9aa">
         <name>EUSCIB2_IRQHandler</name>
         <value>0x55a7</value>
      </symbol>
      <symbol id="sm-9ab">
         <name>EUSCIB3_IRQHandler</name>
         <value>0x55a7</value>
      </symbol>
      <symbol id="sm-9ac">
         <name>ADC14_IRQHandler</name>
         <value>0x55a7</value>
      </symbol>
      <symbol id="sm-9ad">
         <name>T32_INT1_IRQHandler</name>
         <value>0x55a7</value>
      </symbol>
      <symbol id="sm-9ae">
         <name>T32_INT2_IRQHandler</name>
         <value>0x55a7</value>
      </symbol>
      <symbol id="sm-9af">
         <name>T32_INTC_IRQHandler</name>
         <value>0x55a7</value>
      </symbol>
      <symbol id="sm-9b0">
         <name>AES256_IRQHandler</name>
         <value>0x55a7</value>
      </symbol>
      <symbol id="sm-9b1">
         <name>RTC_C_IRQHandler</name>
         <value>0x55a7</value>
      </symbol>
      <symbol id="sm-9b2">
         <name>DMA_ERR_IRQHandler</name>
         <value>0x55a7</value>
      </symbol>
      <symbol id="sm-9b3">
         <name>DMA_INT3_IRQHandler</name>
         <value>0x55a7</value>
      </symbol>
      <symbol id="sm-9b4">
         <name>DMA_INT2_IRQHandler</name>
         <value>0x55a7</value>
      </symbol>
      <symbol id="sm-9b5">
         <name>DMA_INT1_IRQHandler</name>
         <value>0x55a7</value>
      </symbol>
      <symbol id="sm-9b6">
         <name>DMA_INT0_IRQHandler</name>
         <value>0x55a7</value>
      </symbol>
      <symbol id="sm-9b7">
         <name>PORT1_IRQHandler</name>
         <value>0x55a7</value>
      </symbol>
      <symbol id="sm-9b8">
         <name>PORT2_IRQHandler</name>
         <value>0x55a7</value>
      </symbol>
      <symbol id="sm-9b9">
         <name>PORT3_IRQHandler</name>
         <value>0x361f</value>
      </symbol>
      <symbol id="sm-9ba">
         <name>PORT4_IRQHandler</name>
         <value>0x365b</value>
      </symbol>
      <symbol id="sm-9bb">
         <name>PORT5_IRQHandler</name>
         <value>0x36af</value>
      </symbol>
      <symbol id="sm-9bc">
         <name>PORT6_IRQHandler</name>
         <value>0x55a7</value>
      </symbol>
   </symbol_table>
   <title>Link successful</title>
</link_info>
